
Gurobi 13.0.1 (win64) logging started Fri Sep 25 14:35:08 2026

Set parameter LogFile to value "C:/Users/omkarp/Downloads/Large-scale-LBBD-Optimization/runs/2026-09-25_130129_full_with_redirection_LBBD_withPV_withBESS/logs/lbbd_linked_annual_lp_001_candidate.log"
Set parameter Method to value 1
Gurobi Optimizer version 13.0.1 build v13.0.1rc0 (win64 - Windows 11+.0 (26200.2))

CPU model: Intel(R) Xeon(R) w5-2465X, instruction set [SSE2|AVX|AVX2|AVX512]
Thread count: 16 physical cores, 32 logical processors, using up to 2 threads

Non-default parameters:
TimeLimit  86400
SoftMemLimit  180
Method  1
Heuristics  0.25
NodefileStart  0.5
PumpPasses  20
StartNodeLimit  5000
StartTimeLimit  7200
SubMIPNodes  3000
Cuts  1
AggFill  0
NumericFocus  1
QCPDual  1
Presolve  2
PreSparsify  1
Threads  2
ImproveStartGap  0.1

Optimize a model with 11486296 rows, 12772030 columns and 67908680 nonzeros (Max)
Model fingerprint: 0x1ee827c2
Model has 6038902 linear objective coefficients
Coefficient statistics:
  Matrix range     [4e-05, 2e+03]
  Objective range  [6e-01, 6e+05]
  Bounds range     [1e+00, 1e+03]
  RHS range        [2e-02, 1e+03]

Presolve removed 7783237 rows and 8517768 columns (presolve time = 5s)...
Presolve removed 8378246 rows and 8793551 columns (presolve time = 10s)...
Presolve removed 8577131 rows and 8793551 columns (presolve time = 16s)...
Presolve removed 8734528 rows and 9087476 columns (presolve time = 20s)...
Presolve removed 8736413 rows and 9089748 columns (presolve time = 25s)...
Presolve removed 8737023 rows and 9089779 columns
Presolve time: 28.55s
Presolved: 2749273 rows, 3682251 columns, 12276897 nonzeros

Iteration    Objective       Primal Inf.    Dual Inf.      Time
       0    2.2109057e+12   8.313542e+06   0.000000e+00     31s
   11011    1.3987311e+12   5.982461e+06   0.000000e+00     35s
   28028    1.1228332e+12   5.197230e+06   0.000000e+00     40s
   46046    9.6344448e+11   4.625443e+06   0.000000e+00     45s
   62062    8.8695563e+11   4.375906e+06   0.000000e+00     50s
   79079    7.7987590e+11   4.097742e+06   0.000000e+00     55s
   95095    7.1552090e+11   3.868195e+06   0.000000e+00     60s
  110110    6.7643990e+11   4.027716e+06   0.000000e+00     65s
  124124    6.4084074e+11   4.142128e+06   0.000000e+00     70s
  138138    6.0295002e+11   4.388037e+06   0.000000e+00     75s
  151151    5.6415398e+11   4.315731e+06   0.000000e+00     80s
  163163    5.3725218e+11   4.285502e+06   0.000000e+00     85s
  176176    4.8656170e+11   4.374325e+06   0.000000e+00     90s
  188188    4.6170421e+11   4.505137e+06   0.000000e+00     95s
  200200    4.4208417e+11   4.607115e+06   0.000000e+00    100s
  212212    4.1009538e+11   4.643505e+06   0.000000e+00    105s
  223223    3.9741380e+11   4.709085e+06   0.000000e+00    110s
  234234    3.8259963e+11   4.797786e+06   0.000000e+00    115s
  244244    3.6290177e+11   4.743372e+06   0.000000e+00    120s
  254254    3.3990365e+11   4.691270e+06   0.000000e+00    125s
  265265    3.2601936e+11   4.670966e+06   0.000000e+00    130s
  276276    3.1423386e+11   4.663301e+06   0.000000e+00    135s
  286286    2.8880445e+11   4.467714e+06   0.000000e+00    140s
  296296    2.6561678e+11   4.364606e+06   0.000000e+00    145s
  306306    2.4755676e+11   4.258613e+06   0.000000e+00    150s
  318318    2.3831511e+11   4.339302e+06   0.000000e+00    155s
  328328    2.0133042e+11   4.141043e+06   0.000000e+00    161s
  338338    1.8449564e+11   3.915905e+06   0.000000e+00    165s
  348348    1.8090292e+11   4.006090e+06   0.000000e+00    170s
  358358    1.6518477e+11   3.868218e+06   0.000000e+00    175s
  369369    1.6394622e+11   3.972300e+06   0.000000e+00    180s
  379379    1.3792419e+11   3.866826e+06   0.000000e+00    185s
  389389    1.2239661e+11   3.649148e+06   0.000000e+00    190s
  398398    1.1559800e+11   3.500986e+06   0.000000e+00    195s
  409409    1.1458153e+11   3.615695e+06   0.000000e+00    200s
  419419    1.0367135e+11   3.485824e+06   0.000000e+00    205s
  429429    9.9396706e+10   3.500904e+06   0.000000e+00    210s
  440440    9.9367867e+10   3.594010e+06   0.000000e+00    215s
  450450    7.9598612e+10   3.503918e+06   0.000000e+00    220s
  459459    5.7578418e+10   3.328079e+06   0.000000e+00    225s
  469469    5.0385409e+10   3.098628e+06   0.000000e+00    230s
  478478    4.7122513e+10   2.998138e+06   0.000000e+00    235s
  488488    4.3887365e+10   2.952754e+06   0.000000e+00    240s
  498498    4.0736772e+10   2.864939e+06   0.000000e+00    245s
  507507    3.9527550e+10   2.771893e+06   0.000000e+00    250s
  517517    3.9501305e+10   2.798081e+06   0.000000e+00    255s
  528528    3.6912894e+10   2.752364e+06   0.000000e+00    260s
  538538    2.8666688e+10   2.680328e+06   0.000000e+00    265s
  550550    2.8666688e+10   2.632331e+06   0.000000e+00    270s
  562562    2.8666688e+10   2.584268e+06   0.000000e+00    275s
  573573    2.8666688e+10   2.540220e+06   0.000000e+00    280s
  585585    2.8666688e+10   2.492166e+06   0.000000e+00    285s
  595595    2.5660060e+10   2.508307e+06   0.000000e+00    290s
  605605    2.2586804e+10   2.394971e+06   0.000000e+00    295s
  614614    1.8941058e+10   2.281818e+06   0.000000e+00    300s
  623623    1.8899602e+10   2.292978e+06   0.000000e+00    305s
  632632    1.7318383e+10   2.147516e+06   0.000000e+00    310s
  640640    1.6594164e+10   2.115413e+06   0.000000e+00    315s
  649649    1.6236345e+10   2.117609e+06   0.000000e+00    320s
  658658    1.5177455e+10   2.027528e+06   0.000000e+00    325s
  668668    1.4502019e+10   2.006014e+06   0.000000e+00    330s
  677677    1.4310998e+10   1.951109e+06   0.000000e+00    335s
  685685    1.4307856e+10   1.952706e+06   0.000000e+00    340s
  693693    1.4305122e+10   1.978660e+06   0.000000e+00    345s
  701701    1.3827231e+10   1.936691e+06   0.000000e+00    350s
  710710    1.1777423e+10   1.852853e+06   0.000000e+00    355s
  720720    1.1760171e+10   1.820481e+06   0.000000e+00    360s
  731731    1.1445246e+10   1.807338e+06   0.000000e+00    365s
  741741    8.6313303e+09   1.748233e+06   0.000000e+00    370s
  750750    6.2667649e+09   1.756690e+06   0.000000e+00    376s
  758758    4.0816492e+09   1.660852e+06   0.000000e+00    381s
  766766    3.1589928e+09   1.577818e+06   0.000000e+00    385s
  774774    3.1323400e+09   1.494584e+06   0.000000e+00    390s
  783783    3.1299170e+09   1.515513e+06   0.000000e+00    395s
  791791    3.1276592e+09   1.525478e+06   0.000000e+00    400s
  799799    2.9898797e+09   1.524282e+06   0.000000e+00    405s
  808808    2.8286277e+09   1.468029e+06   0.000000e+00    411s
  816816    2.7033971e+09   1.413532e+06   0.000000e+00    415s
  824824    2.4736143e+09   1.380588e+06   0.000000e+00    420s
  832832    1.8111095e+09   1.302836e+06   0.000000e+00    425s
  840840    1.8091600e+09   1.314312e+06   0.000000e+00    430s
  848848    1.8072610e+09   1.289798e+06   0.000000e+00    435s
  856856    1.8052764e+09   1.301534e+06   0.000000e+00    440s
  865865    1.8032584e+09   1.307640e+06   0.000000e+00    445s
  873873    1.6982055e+09   1.237444e+06   0.000000e+00    450s
  881881    1.6972521e+09   1.167040e+06   0.000000e+00    455s
  889889    1.6962994e+09   1.105260e+06   0.000000e+00    460s
  898898    1.6022894e+09   1.018629e+06   0.000000e+00    466s
  906906    1.6008104e+09   1.039530e+06   0.000000e+00    470s
  914914    1.5992807e+09   1.062601e+06   0.000000e+00    475s
  922922    1.5975521e+09   1.080996e+06   0.000000e+00    480s
  930930    1.5958768e+09   1.086355e+06   0.000000e+00    485s
  938938    1.5941571e+09   1.101174e+06   0.000000e+00    490s
  946946    1.5929887e+09   1.037944e+06   0.000000e+00    495s
  954954    1.5922597e+09   9.638844e+05   0.000000e+00    501s
  962962    1.5099558e+09   9.051722e+05   0.000000e+00    505s
  970970    1.5091908e+09   8.461228e+05   0.000000e+00    510s
  978978    1.2888325e+09   7.992454e+05   0.000000e+00    515s
  987987    1.2875645e+09   8.144897e+05   0.000000e+00    521s
  994994    1.2864572e+09   8.012813e+05   0.000000e+00    525s
 1004003    1.2849254e+09   8.051363e+05   0.000000e+00    530s
 1012011    1.1433753e+09   7.596718e+05   0.000000e+00    535s
 1020019    1.0098285e+09   7.004090e+05   0.000000e+00    540s
 1028027    1.0092172e+09   6.385628e+05   0.000000e+00    545s
 1036035    1.0086678e+09   5.982958e+05   0.000000e+00    550s
 1044043    9.5006612e+08   5.568013e+05   0.000000e+00    555s
 1052051    8.9509350e+08   5.478100e+05   0.000000e+00    560s
 1060059    8.9418294e+08   5.471923e+05   0.000000e+00    565s
 1068067    8.9312263e+08   5.535415e+05   0.000000e+00    570s
 1077076    8.9200585e+08   5.640419e+05   0.000000e+00    575s
 1085084    7.8627196e+08   5.249371e+05   0.000000e+00    581s
 1093092    7.3787108e+08   4.702582e+05   0.000000e+00    585s
 1101100    6.8636446e+08   4.360030e+05   0.000000e+00    590s
 1109108    6.8591507e+08   3.904063e+05   0.000000e+00    595s
 1117116    6.7830372e+08   3.437476e+05   0.000000e+00    600s
 1125124    6.7791332e+08   3.099978e+05   0.000000e+00    605s
 1134133    6.4104501e+08   2.962989e+05   0.000000e+00    610s
 1143142    6.4021529e+08   2.992860e+05   0.000000e+00    615s
 1152151    6.3952182e+08   2.989528e+05   0.000000e+00    620s
 1161160    6.3872843e+08   2.911420e+05   0.000000e+00    625s
 1169168    6.0423771e+08   2.582948e+05   0.000000e+00    630s
 1178177    6.0387409e+08   2.251523e+05   0.000000e+00    635s
 1186185    5.7449963e+08   1.963794e+05   0.000000e+00    640s
 1195194    5.6972765e+08   1.665726e+05   0.000000e+00    645s
 1204203    5.4705589e+08   1.361430e+05   0.000000e+00    650s
 1213212    5.2587100e+08   1.135110e+05   0.000000e+00    655s
 1222221    5.2565286e+08   9.002199e+04   0.000000e+00    660s
 1231230    5.2546855e+08   7.038122e+04   0.000000e+00    665s
 1240239    5.1278613e+08   5.390898e+04   0.000000e+00    670s
 1250249    5.1263762e+08   3.859868e+04   0.000000e+00    675s
 1259258    5.1253227e+08   2.722702e+04   0.000000e+00    680s
 1269268    5.1243287e+08   1.656328e+04   0.000000e+00    685s
 1279278    5.0680576e+08   9.267652e+03   0.000000e+00    690s
 1289288    5.0354632e+08   4.583570e+03   0.000000e+00    695s
 1299298    5.0161004e+08   1.934053e+03   0.000000e+00    700s
 1310309    5.0159771e+08   9.842053e+02   0.000000e+00    705s
 1320319    5.0159750e+08   8.521479e+02   0.000000e+00    710s
 1331330    5.0159750e+08   7.144805e+02   0.000000e+00    715s
 1342341    5.0159746e+08   5.725824e+02   0.000000e+00    720s
 1353352    5.0159746e+08   4.353587e+02   0.000000e+00    725s
 1363362    5.0159256e+08   7.683859e+02   0.000000e+00    730s
 1368546    5.0159118e+08   0.000000e+00   0.000000e+00    741s

Solved in 1368546 iterations and 741.10 seconds (767.83 work units)
Optimal objective  5.015911849e+08
