
Gurobi 13.0.1 (win64) logging started Sun Sep 27 21:20:42 2026

Set parameter LogFile to value "C:/Users/omkarp/Downloads/Large-scale-LBBD-Optimization/runs/2026-09-25_130129_full_with_redirection_LBBD_withPV_withBESS/logs/lbbd_linked_annual_lp_002_candidate.log"
Set parameter Method to value 1
Gurobi Optimizer version 13.0.1 build v13.0.1rc0 (win64 - Windows 11+.0 (26200.2))

CPU model: Intel(R) Xeon(R) w5-2465X, instruction set [SSE2|AVX|AVX2|AVX512]
Thread count: 16 physical cores, 32 logical processors, using up to 2 threads

Non-default parameters:
TimeLimit  86400
SoftMemLimit  180
Method  1
Heuristics  0.25
NodefileStart  0.5
PumpPasses  20
StartNodeLimit  5000
StartTimeLimit  7200
SubMIPNodes  3000
Cuts  1
AggFill  0
NumericFocus  1
QCPDual  1
Presolve  2
PreSparsify  1
Threads  2
ImproveStartGap  0.1

Optimize a model with 11486296 rows, 12772030 columns and 67908680 nonzeros (Max)
Model fingerprint: 0xf038467e
Model has 6038902 linear objective coefficients
Coefficient statistics:
  Matrix range     [4e-05, 2e+03]
  Objective range  [6e-01, 6e+05]
  Bounds range     [1e+00, 1e+03]
  RHS range        [2e-02, 1e+03]

Presolve removed 7793932 rows and 8475978 columns (presolve time = 5s)...
Presolve removed 8375334 rows and 8751830 columns (presolve time = 10s)...
Presolve removed 8737029 rows and 8778907 columns (presolve time = 16s)...
Presolve removed 8738810 rows and 9042058 columns (presolve time = 20s)...
Presolve removed 8739430 rows and 9044086 columns
Presolve time: 25.59s
Presolved: 2746866 rows, 3727944 columns, 12604117 nonzeros

Iteration    Objective       Primal Inf.    Dual Inf.      Time
       0    2.1368603e+12   8.037670e+06   0.000000e+00     28s
    7007    1.5373481e+12   6.259139e+06   0.000000e+00     30s
   24024    1.1107534e+12   5.163598e+06   0.000000e+00     35s
   42042    9.5309374e+11   4.597502e+06   0.000000e+00     40s
   59059    8.5808049e+11   4.138666e+06   0.000000e+00     45s
   75075    7.7473556e+11   3.865092e+06   0.000000e+00     50s
   90090    7.3738709e+11   4.023692e+06   0.000000e+00     55s
  105105    6.8294551e+11   4.032184e+06   0.000000e+00     60s
  119119    6.4198388e+11   3.976863e+06   0.000000e+00     65s
  133133    5.9879589e+11   4.148626e+06   0.000000e+00     70s
  146146    5.6478988e+11   4.209419e+06   0.000000e+00     75s
  159159    5.3937625e+11   4.214025e+06   0.000000e+00     80s
  171171    5.0236925e+11   4.210674e+06   0.000000e+00     85s
  184184    4.8863683e+11   4.324461e+06   0.000000e+00     90s
  196196    4.5062379e+11   4.411679e+06   0.000000e+00     95s
  207207    4.3241017e+11   4.447952e+06   0.000000e+00    100s
  219219    4.2095268e+11   4.581436e+06   0.000000e+00    105s
  230230    3.9557402e+11   4.469634e+06   0.000000e+00    110s
  242242    3.7501645e+11   4.454700e+06   0.000000e+00    115s
  252252    3.6372731e+11   4.544396e+06   0.000000e+00    120s
  263263    3.5334946e+11   4.566022e+06   0.000000e+00    125s
  273273    3.3068427e+11   4.446257e+06   0.000000e+00    130s
  284284    3.1076177e+11   4.304776e+06   0.000000e+00    135s
  294294    2.9580336e+11   4.213938e+06   0.000000e+00    140s
  306306    2.8425068e+11   4.315530e+06   0.000000e+00    145s
  316316    2.5496974e+11   4.180897e+06   0.000000e+00    150s
  326326    2.4443540e+11   4.038974e+06   0.000000e+00    155s
  336336    2.3127485e+11   3.979482e+06   0.000000e+00    160s
  346346    2.1883854e+11   3.852600e+06   0.000000e+00    165s
  357357    2.1000969e+11   3.902384e+06   0.000000e+00    170s
  367367    1.8813768e+11   3.850816e+06   0.000000e+00    175s
  377377    1.7348932e+11   3.702667e+06   0.000000e+00    180s
  387387    1.6225574e+11   3.533313e+06   0.000000e+00    185s
  398398    1.5754113e+11   3.553426e+06   0.000000e+00    191s
  407407    1.4530930e+11   3.396653e+06   0.000000e+00    195s
  418418    1.4528544e+11   3.539673e+06   0.000000e+00    200s
  429429    1.4043743e+11   3.501913e+06   0.000000e+00    205s
  438438    1.1145467e+11   3.370769e+06   0.000000e+00    210s
  448448    1.0346719e+11   3.173401e+06   0.000000e+00    215s
  458458    9.1402156e+10   3.028587e+06   0.000000e+00    220s
  468468    8.8403845e+10   2.971070e+06   0.000000e+00    226s
  477477    8.0640492e+10   2.897543e+06   0.000000e+00    230s
  486486    7.8844932e+10   2.898045e+06   0.000000e+00    235s
  495495    7.7151312e+10   2.812298e+06   0.000000e+00    240s
  506506    7.6216166e+10   2.859541e+06   0.000000e+00    245s
  516516    7.2238576e+10   2.833779e+06   0.000000e+00    250s
  527527    6.3175900e+10   2.752859e+06   0.000000e+00    255s
  539539    6.3175870e+10   2.702735e+06   0.000000e+00    260s
  551551    6.3175858e+10   2.654318e+06   0.000000e+00    265s
  563563    6.3175858e+10   2.606267e+06   0.000000e+00    270s
  575575    6.3175798e+10   2.557031e+06   0.000000e+00    275s
  585585    6.1646259e+10   2.568824e+06   0.000000e+00    280s
  594594    5.5012338e+10   2.438954e+06   0.000000e+00    285s
  603603    4.8319676e+10   2.312644e+06   0.000000e+00    290s
  612612    4.8296224e+10   2.347730e+06   0.000000e+00    295s
  622622    4.5329233e+10   2.189860e+06   0.000000e+00    300s
  631631    4.2473721e+10   2.083692e+06   0.000000e+00    305s
  640640    4.2452966e+10   2.103100e+06   0.000000e+00    310s
  649649    3.9298995e+10   1.991056e+06   0.000000e+00    315s
  659659    3.9294069e+10   2.002170e+06   0.000000e+00    320s
  668668    3.6592083e+10   1.965894e+06   0.000000e+00    325s
  677677    3.3173364e+10   1.899179e+06   0.000000e+00    330s
  686686    3.3155966e+10   1.926894e+06   0.000000e+00    336s
  694694    3.2405728e+10   1.892901e+06   0.000000e+00    340s
  703703    3.0618825e+10   1.791984e+06   0.000000e+00    345s
  712712    2.9489981e+10   1.798016e+06   0.000000e+00    350s
  723723    2.9479853e+10   1.845229e+06   0.000000e+00    355s
  734734    2.9456904e+10   1.820011e+06   0.000000e+00    360s
  744744    2.8699104e+10   1.780192e+06   0.000000e+00    365s
  753753    2.0666315e+10   1.728695e+06   0.000000e+00    370s
  761761    1.9295187e+10   1.753768e+06   0.000000e+00    375s
  769769    1.6531298e+10   1.682777e+06   0.000000e+00    380s
  777777    1.3627071e+10   1.584758e+06   0.000000e+00    385s
  786786    1.0896500e+10   1.495545e+06   0.000000e+00    390s
  794794    1.0894155e+10   1.508619e+06   0.000000e+00    395s
  803803    1.0880064e+10   1.527429e+06   0.000000e+00    400s
  812812    1.0316648e+10   1.499457e+06   0.000000e+00    406s
  819819    9.8061698e+09   1.504650e+06   0.000000e+00    410s
  827827    9.5509258e+09   1.435516e+06   0.000000e+00    415s
  836836    9.1121611e+09   1.393010e+06   0.000000e+00    420s
  844844    7.9663855e+09   1.329687e+06   0.000000e+00    425s
  853853    6.8519987e+09   1.272055e+06   0.000000e+00    431s
  860860    6.7964555e+09   1.302785e+06   0.000000e+00    435s
  868868    6.7947245e+09   1.307325e+06   0.000000e+00    441s
  875875    6.7930273e+09   1.340886e+06   0.000000e+00    445s
  883883    6.7912799e+09   1.313088e+06   0.000000e+00    450s
  891891    6.6649621e+09   1.267652e+06   0.000000e+00    455s
  899899    6.0562116e+09   1.187202e+06   0.000000e+00    460s
  907907    5.4698575e+09   1.146939e+06   0.000000e+00    465s
  915915    5.3749627e+09   1.082874e+06   0.000000e+00    470s
  923923    5.0120018e+09   1.038087e+06   0.000000e+00    475s
  932932    5.0101982e+09   1.044441e+06   0.000000e+00    481s
  940940    5.0083957e+09   1.062099e+06   0.000000e+00    485s
  948948    5.0064473e+09   1.063442e+06   0.000000e+00    491s
  955955    4.9162145e+09   1.072376e+06   0.000000e+00    495s
  963963    4.5704044e+09   9.982309e+05   0.000000e+00    500s
  971971    4.5553413e+09   9.468114e+05   0.000000e+00    506s
  978978    4.3150957e+09   8.927812e+05   0.000000e+00    510s
  986986    4.0830331e+09   8.392811e+05   0.000000e+00    515s
  995995    3.8265552e+09   7.871586e+05   0.000000e+00    520s
 1004003    3.8251107e+09   7.945451e+05   0.000000e+00    525s
 1012011    3.8236551e+09   7.967994e+05   0.000000e+00    530s
 1020019    3.7870825e+09   7.872555e+05   0.000000e+00    535s
 1028027    3.5098256e+09   7.586666e+05   0.000000e+00    540s
 1036035    3.2157597e+09   7.048310e+05   0.000000e+00    546s
 1043042    2.9651937e+09   6.704850e+05   0.000000e+00    550s
 1052051    2.8753445e+09   6.169382e+05   0.000000e+00    555s
 1060059    2.8747664e+09   5.711937e+05   0.000000e+00    560s
 1068067    2.7387784e+09   5.715431e+05   0.000000e+00    565s
 1076075    2.7378430e+09   5.579605e+05   0.000000e+00    570s
 1085084    2.7366581e+09   5.561898e+05   0.000000e+00    575s
 1093092    2.5814290e+09   5.178944e+05   0.000000e+00    580s
 1101100    2.3591009e+09   4.769455e+05   0.000000e+00    585s
 1110109    2.1939475e+09   4.342809e+05   0.000000e+00    591s
 1118117    1.9257549e+09   3.941521e+05   0.000000e+00    595s
 1126125    1.7969023e+09   3.576272e+05   0.000000e+00    600s
 1135134    1.7207248e+09   3.212047e+05   0.000000e+00    606s
 1143142    1.5757337e+09   3.044068e+05   0.000000e+00    610s
 1152151    1.5750430e+09   3.076379e+05   0.000000e+00    615s
 1161160    1.5743199e+09   3.058831e+05   0.000000e+00    620s
 1170169    1.5736392e+09   3.047510e+05   0.000000e+00    625s
 1178177    1.4365507e+09   2.817648e+05   0.000000e+00    630s
 1187186    1.2747915e+09   2.438125e+05   0.000000e+00    635s
 1195194    1.1274232e+09   2.185711e+05   0.000000e+00    640s
 1203202    1.0166219e+09   1.908080e+05   0.000000e+00    645s
 1212211    9.3162932e+08   1.602100e+05   0.000000e+00    650s
 1221220    8.6255941e+08   1.332680e+05   0.000000e+00    655s
 1230229    7.4104284e+08   1.081842e+05   0.000000e+00    660s
 1239238    7.2191708e+08   8.781210e+04   0.000000e+00    665s
 1248247    6.5812132e+08   6.980455e+04   0.000000e+00    670s
 1257256    5.9321964e+08   5.485914e+04   0.000000e+00    675s
 1267266    5.7031002e+08   4.063865e+04   0.000000e+00    681s
 1276275    5.3306095e+08   2.918979e+04   0.000000e+00    685s
 1285284    5.3296787e+08   1.993129e+04   0.000000e+00    690s
 1295294    5.2181558e+08   1.233693e+04   0.000000e+00    695s
 1305304    5.1334462e+08   6.062593e+03   0.000000e+00    700s
 1314313    5.0869944e+08   3.101028e+03   0.000000e+00    705s
 1325324    5.0369141e+08   1.006060e+03   0.000000e+00    710s
 1335334    5.0369115e+08   8.721960e+02   0.000000e+00    715s
 1345344    5.0369110e+08   7.395931e+02   0.000000e+00    720s
 1355354    5.0369110e+08   6.144479e+02   0.000000e+00    725s
 1366365    5.0369109e+08   4.768942e+02   0.000000e+00    730s
 1377376    5.0368991e+08   1.383505e+03   0.000000e+00    735s
 1384339    5.0368769e+08   0.000000e+00   0.000000e+00    747s

Solved in 1384339 iterations and 747.07 seconds (778.12 work units)
Optimal objective  5.036876857e+08
