
Gurobi 13.0.1 (win64) logging started Wed Sep 30 04:30:26 2026

Set parameter LogFile to value "C:/Users/omkarp/Downloads/Large-scale-LBBD-Optimization/runs/2026-09-25_130129_full_with_redirection_LBBD_withPV_withBESS/logs/lbbd_linked_annual_lp_003_core.log"
Set parameter Method to value 1
Gurobi Optimizer version 13.0.1 build v13.0.1rc0 (win64 - Windows 11+.0 (26200.2))

CPU model: Intel(R) Xeon(R) w5-2465X, instruction set [SSE2|AVX|AVX2|AVX512]
Thread count: 16 physical cores, 32 logical processors, using up to 2 threads

Non-default parameters:
TimeLimit  86400
SoftMemLimit  180
Method  1
Heuristics  0.25
NodefileStart  0.5
PumpPasses  20
StartNodeLimit  5000
StartTimeLimit  7200
SubMIPNodes  3000
Cuts  1
AggFill  0
NumericFocus  1
QCPDual  1
Presolve  2
PreSparsify  1
Threads  2
ImproveStartGap  0.1

Optimize a model with 11486296 rows, 12772030 columns and 67908680 nonzeros (Max)
Model fingerprint: 0x201acf3c
Model has 6038902 linear objective coefficients
Coefficient statistics:
  Matrix range     [4e-05, 2e+03]
  Objective range  [6e-01, 6e+05]
  Bounds range     [1e+00, 1e+03]
  RHS range        [2e-02, 1e+03]

Presolve removed 7715225 rows and 8351432 columns (presolve time = 5s)...
Presolve removed 8296434 rows and 8623226 columns (presolve time = 10s)...
Presolve removed 8515590 rows and 8623226 columns (presolve time = 15s)...
Presolve removed 8680631 rows and 8917351 columns (presolve time = 21s)...
Presolve removed 8681249 rows and 8919565 columns (presolve time = 25s)...
Presolve removed 8681249 rows and 8919565 columns
Presolve time: 26.14s
Presolved: 2805047 rows, 3852465 columns, 13157889 nonzeros

Iteration    Objective       Primal Inf.    Dual Inf.      Time
       0    2.2592419e+12   8.426774e+06   0.000000e+00     29s
    4004    1.8070284e+12   7.041024e+06   0.000000e+00     30s
   21021    1.2320090e+12   5.521405e+06   0.000000e+00     35s
   38038    1.0798469e+12   4.955407e+06   0.000000e+00     40s
   55055    9.7817045e+11   4.501361e+06   0.000000e+00     45s
   71071    8.7170977e+11   4.192135e+06   0.000000e+00     50s
   85085    8.3058577e+11   4.200066e+06   0.000000e+00     55s
  100100    7.8130165e+11   4.244265e+06   0.000000e+00     60s
  114114    7.4291734e+11   4.285825e+06   0.000000e+00     65s
  128128    7.0603601e+11   4.317714e+06   0.000000e+00     70s
  141141    6.7427116e+11   4.516022e+06   0.000000e+00     75s
  153153    6.4008477e+11   4.528082e+06   0.000000e+00     80s
  165165    6.1175865e+11   4.486608e+06   0.000000e+00     85s
  177177    5.8706578e+11   4.576761e+06   0.000000e+00     90s
  189189    5.5121195e+11   4.642835e+06   0.000000e+00     95s
  200200    5.3314366e+11   4.742014e+06   0.000000e+00    100s
  211211    5.0047111e+11   4.818565e+06   0.000000e+00    105s
  222222    4.8459722e+11   4.795547e+06   0.000000e+00    110s
  233233    4.6932932e+11   4.913016e+06   0.000000e+00    115s
  243243    4.5598941e+11   4.911241e+06   0.000000e+00    120s
  253253    4.4252087e+11   4.902871e+06   0.000000e+00    125s
  264264    4.1522959e+11   4.841286e+06   0.000000e+00    130s
  274274    4.0103548e+11   4.816719e+06   0.000000e+00    135s
  284284    3.8723201e+11   4.776729e+06   0.000000e+00    140s
  294294    3.7253392e+11   4.768484e+06   0.000000e+00    145s
  304304    3.4331750e+11   4.573540e+06   0.000000e+00    150s
  314314    3.2158828e+11   4.429261e+06   0.000000e+00    155s
  324324    3.0906928e+11   4.450809e+06   0.000000e+00    160s
  334334    2.8811479e+11   4.413968e+06   0.000000e+00    165s
  344344    2.6017039e+11   4.254269e+06   0.000000e+00    170s
  354354    2.4624106e+11   4.094419e+06   0.000000e+00    175s
  363363    2.3532089e+11   4.018450e+06   0.000000e+00    180s
  373373    2.2916701e+11   4.081497e+06   0.000000e+00    185s
  383383    2.1386516e+11   4.062726e+06   0.000000e+00    190s
  393393    1.9777497e+11   4.057236e+06   0.000000e+00    195s
  403403    1.7673433e+11   3.884576e+06   0.000000e+00    201s
  412412    1.6567836e+11   3.762444e+06   0.000000e+00    205s
  422422    1.5340110e+11   3.577782e+06   0.000000e+00    210s
  431431    1.4659723e+11   3.560317e+06   0.000000e+00    215s
  441441    1.4557803e+11   3.617195e+06   0.000000e+00    220s
  451451    1.3145719e+11   3.560649e+06   0.000000e+00    225s
  460460    1.1533920e+11   3.535101e+06   0.000000e+00    230s
  470470    1.1168251e+11   3.612248e+06   0.000000e+00    235s
  479479    9.6785520e+10   3.498157e+06   0.000000e+00    240s
  488488    8.3182853e+10   3.330160e+06   0.000000e+00    245s
  497497    7.6629502e+10   3.190978e+06   0.000000e+00    250s
  506506    7.1167084e+10   3.089517e+06   0.000000e+00    255s
  515515    6.4939090e+10   2.992154e+06   0.000000e+00    260s
  524524    6.2336565e+10   2.933929e+06   0.000000e+00    265s
  534534    6.0281066e+10   2.922444e+06   0.000000e+00    270s
  544544    5.4531570e+10   2.842507e+06   0.000000e+00    275s
  555555    5.4531507e+10   2.796411e+06   0.000000e+00    280s
  566566    5.4531444e+10   2.752529e+06   0.000000e+00    285s
  577577    5.4531415e+10   2.708548e+06   0.000000e+00    290s
  588588    5.4531398e+10   2.664524e+06   0.000000e+00    295s
  599599    5.4315289e+10   2.611453e+06   0.000000e+00    300s
  609609    5.1924360e+10   2.604826e+06   0.000000e+00    305s
  618618    4.9972179e+10   2.534664e+06   0.000000e+00    310s
  628628    4.9294293e+10   2.527497e+06   0.000000e+00    315s
  637637    4.1162259e+10   2.486491e+06   0.000000e+00    320s
  646646    3.7907887e+10   2.423036e+06   0.000000e+00    325s
  655655    3.3980548e+10   2.348644e+06   0.000000e+00    330s
  663663    3.1822078e+10   2.274547e+06   0.000000e+00    335s
  671671    3.0456381e+10   2.225570e+06   0.000000e+00    340s
  680680    3.0268048e+10   2.210646e+06   0.000000e+00    345s
  689689    2.8676980e+10   2.110980e+06   0.000000e+00    350s
  698698    2.7333755e+10   2.076826e+06   0.000000e+00    355s
  706706    2.6834153e+10   2.054339e+06   0.000000e+00    360s
  715715    2.6198046e+10   2.043980e+06   0.000000e+00    365s
  723723    2.6075255e+10   2.066398e+06   0.000000e+00    371s
  730730    2.3953485e+10   2.006607e+06   0.000000e+00    375s
  738738    2.1290044e+10   1.903432e+06   0.000000e+00    380s
  748748    2.1276452e+10   1.927296e+06   0.000000e+00    385s
  758758    1.9400768e+10   1.878940e+06   0.000000e+00    390s
  766766    1.5506557e+10   1.819957e+06   0.000000e+00    395s
  774774    1.3823088e+10   1.774255e+06   0.000000e+00    400s
  782782    1.2824532e+10   1.718149e+06   0.000000e+00    405s
  792792    1.2359083e+10   1.656274e+06   0.000000e+00    410s
  800800    9.9853588e+09   1.589013e+06   0.000000e+00    415s
  808808    9.2201348e+09   1.564903e+06   0.000000e+00    420s
  817817    9.2174385e+09   1.577894e+06   0.000000e+00    426s
  824824    8.7890363e+09   1.537693e+06   0.000000e+00    430s
  832832    8.2391841e+09   1.512287e+06   0.000000e+00    435s
  841841    7.8112958e+09   1.461664e+06   0.000000e+00    440s
  850850    7.2277678e+09   1.402386e+06   0.000000e+00    446s
  858858    6.3588790e+09   1.347390e+06   0.000000e+00    450s
  866866    5.7935329e+09   1.320943e+06   0.000000e+00    456s
  873873    5.4695740e+09   1.352107e+06   0.000000e+00    460s
  881881    5.4678182e+09   1.334490e+06   0.000000e+00    466s
  889889    5.4658904e+09   1.341869e+06   0.000000e+00    470s
  896896    5.3080343e+09   1.302936e+06   0.000000e+00    475s
  904904    4.9921381e+09   1.282818e+06   0.000000e+00    480s
  912912    4.6835537e+09   1.210344e+06   0.000000e+00    485s
  920920    4.3825576e+09   1.156047e+06   0.000000e+00    491s
  928928    4.1952219e+09   1.123179e+06   0.000000e+00    495s
  935935    3.7367727e+09   1.092444e+06   0.000000e+00    500s
  943943    3.7353849e+09   1.084999e+06   0.000000e+00    505s
  951951    3.7338780e+09   1.093392e+06   0.000000e+00    510s
  959959    3.7320360e+09   1.110330e+06   0.000000e+00    515s
  967967    3.7303121e+09   1.108101e+06   0.000000e+00    521s
  974974    3.5524535e+09   1.074908e+06   0.000000e+00    525s
  982982    3.5511149e+09   1.060508e+06   0.000000e+00    530s
  989989    3.5504536e+09   1.007030e+06   0.000000e+00    535s
  997997    3.3892230e+09   9.380785e+05   0.000000e+00    540s
 1005004    3.2328410e+09   8.820851e+05   0.000000e+00    545s
 1013012    2.9380002e+09   8.460458e+05   0.000000e+00    550s
 1021020    2.7565447e+09   8.156743e+05   0.000000e+00    555s
 1029028    2.7552331e+09   8.375906e+05   0.000000e+00    560s
 1037036    2.7538595e+09   8.375757e+05   0.000000e+00    565s
 1045044    2.6141585e+09   8.074658e+05   0.000000e+00    570s
 1053052    2.3487516e+09   7.648921e+05   0.000000e+00    576s
 1060059    2.2829593e+09   7.342255e+05   0.000000e+00    580s
 1068067    2.0324280e+09   6.749202e+05   0.000000e+00    586s
 1076075    1.8002571e+09   6.242799e+05   0.000000e+00    591s
 1084083    1.7424610e+09   5.924816e+05   0.000000e+00    595s
 1092091    1.5796053e+09   5.765285e+05   0.000000e+00    601s
 1099098    1.5788224e+09   5.697588e+05   0.000000e+00    605s
 1107106    1.5778101e+09   5.753616e+05   0.000000e+00    610s
 1115114    1.2581606e+09   5.689448e+05   0.000000e+00    615s
 1123122    1.1552840e+09   5.173343e+05   0.000000e+00    620s
 1131130    1.0071839e+09   4.856298e+05   0.000000e+00    625s
 1139138    8.7076896e+08   4.522558e+05   0.000000e+00    630s
 1147146    8.3944712e+08   4.334855e+05   0.000000e+00    635s
 1155154    6.2416895e+08   3.855409e+05   0.000000e+00    640s
 1163162    5.8491536e+08   3.473030e+05   0.000000e+00    645s
 1172171    5.8453139e+08   3.129650e+05   0.000000e+00    650s
 1180179    5.8395056e+08   3.112349e+05   0.000000e+00    655s
 1189188    5.8311031e+08   3.125279e+05   0.000000e+00    660s
 1198197    5.8237621e+08   3.058493e+05   0.000000e+00    666s
 1206205    4.9960002e+08   2.724422e+05   0.000000e+00    670s
 1214213    4.9913871e+08   2.529576e+05   0.000000e+00    676s
 1222221    4.2665355e+08   2.406916e+05   0.000000e+00    680s
 1230229    3.9726510e+08   2.097955e+05   0.000000e+00    685s
 1238237    3.8659229e+08   1.837395e+05   0.000000e+00    690s
 1247246    3.6123575e+08   1.584640e+05   0.000000e+00    695s
 1255254    3.6100230e+08   1.348151e+05   0.000000e+00    700s
 1264263    3.6078011e+08   1.116182e+05   0.000000e+00    705s
 1273272    3.6057343e+08   9.377824e+04   0.000000e+00    711s
 1281280    3.6042238e+08   7.765083e+04   0.000000e+00    715s
 1290289    3.6026277e+08   5.880550e+04   0.000000e+00    720s
 1299298    3.6012969e+08   4.599194e+04   0.000000e+00    725s
 1308307    3.6001916e+08   3.226862e+04   0.000000e+00    730s
 1317316    3.5992523e+08   2.429831e+04   0.000000e+00    735s
 1326325    3.5984560e+08   1.429000e+04   0.000000e+00    740s
 1336335    3.5977344e+08   7.764443e+03   0.000000e+00    745s
 1345344    3.5973818e+08   4.392210e+03   0.000000e+00    750s
 1355354    3.5642509e+08   1.930831e+03   0.000000e+00    755s
 1365364    3.5641564e+08   1.085441e+03   0.000000e+00    760s
 1375374    3.5641540e+08   9.353303e+02   0.000000e+00    765s
 1385384    3.5641538e+08   8.070728e+02   0.000000e+00    770s
 1396395    3.5641538e+08   6.696366e+02   0.000000e+00    775s
 1406405    3.5641538e+08   5.445116e+02   0.000000e+00    780s
 1416415    3.5641231e+08   1.079026e+03   0.000000e+00    785s
 1423868    3.5640968e+08   0.000000e+00   0.000000e+00    797s

Solved in 1423868 iterations and 797.14 seconds (817.52 work units)
Optimal objective  3.564096836e+08
