
Gurobi 13.0.1 (win64) logging started Wed Sep 30 04:06:14 2026

Set parameter LogFile to value "C:/Users/omkarp/Downloads/Large-scale-LBBD-Optimization/runs/2026-09-25_130129_full_with_redirection_LBBD_withPV_withBESS/logs/lbbd_linked_annual_lp_003_candidate.log"
Set parameter Method to value 1
Gurobi Optimizer version 13.0.1 build v13.0.1rc0 (win64 - Windows 11+.0 (26200.2))

CPU model: Intel(R) Xeon(R) w5-2465X, instruction set [SSE2|AVX|AVX2|AVX512]
Thread count: 16 physical cores, 32 logical processors, using up to 2 threads

Non-default parameters:
TimeLimit  86400
SoftMemLimit  180
Method  1
Heuristics  0.25
NodefileStart  0.5
PumpPasses  20
StartNodeLimit  5000
StartTimeLimit  7200
SubMIPNodes  3000
Cuts  1
AggFill  0
NumericFocus  1
QCPDual  1
Presolve  2
PreSparsify  1
Threads  2
ImproveStartGap  0.1

Optimize a model with 11486296 rows, 12772030 columns and 67908680 nonzeros (Max)
Model fingerprint: 0xa4079454
Model has 6038902 linear objective coefficients
Coefficient statistics:
  Matrix range     [4e-05, 2e+03]
  Objective range  [6e-01, 6e+05]
  Bounds range     [1e+00, 1e+03]
  RHS range        [2e-02, 1e+03]

Presolve removed 7794351 rows and 8533507 columns (presolve time = 5s)...
Presolve removed 8389410 rows and 8809795 columns (presolve time = 10s)...
Presolve removed 8587212 rows and 8809795 columns (presolve time = 16s)...
Presolve removed 8743380 rows and 9104937 columns (presolve time = 20s)...
Presolve removed 8745049 rows and 9106963 columns (presolve time = 25s)...
Presolve removed 8745633 rows and 9106994 columns
Presolve time: 28.07s
Presolved: 2740663 rows, 3665036 columns, 12208494 nonzeros

Iteration    Objective       Primal Inf.    Dual Inf.      Time
       0    2.1322466e+12   8.301244e+06   0.000000e+00     30s
   15015    1.2093197e+12   5.668798e+06   0.000000e+00     35s
   33033    9.9608312e+11   4.955707e+06   0.000000e+00     40s
   50050    8.9687433e+11   4.505239e+06   0.000000e+00     45s
   66066    8.1313853e+11   4.168817e+06   0.000000e+00     50s
   83083    7.4116383e+11   3.908022e+06   0.000000e+00     55s
   99099    6.8431553e+11   3.904174e+06   0.000000e+00     60s
  114114    6.4707270e+11   4.051125e+06   0.000000e+00     65s
  128128    6.0849120e+11   4.217745e+06   0.000000e+00     70s
  142142    5.6917458e+11   4.304850e+06   0.000000e+00     75s
  155155    5.2630170e+11   4.211169e+06   0.000000e+00     80s
  168168    5.0480324e+11   4.410598e+06   0.000000e+00     85s
  180180    4.5336112e+11   4.369480e+06   0.000000e+00     90s
  192192    4.3915867e+11   4.579748e+06   0.000000e+00     95s
  204204    4.0399774e+11   4.568412e+06   0.000000e+00    100s
  215215    3.8901899e+11   4.623207e+06   0.000000e+00    105s
  226226    3.7457250e+11   4.660717e+06   0.000000e+00    110s
  238238    3.5949370e+11   4.732555e+06   0.000000e+00    115s
  248248    3.3586005e+11   4.701497e+06   0.000000e+00    120s
  259259    3.2122348e+11   4.658152e+06   0.000000e+00    125s
  270270    3.0745058e+11   4.665223e+06   0.000000e+00    130s
  280280    2.8201416e+11   4.556750e+06   0.000000e+00    135s
  290290    2.6559038e+11   4.422910e+06   0.000000e+00    140s
  301301    2.4475196e+11   4.293218e+06   0.000000e+00    145s
  312312    2.3587796e+11   4.322591e+06   0.000000e+00    150s
  323323    2.0324894e+11   4.188065e+06   0.000000e+00    155s
  333333    1.8583719e+11   3.965635e+06   0.000000e+00    160s
  343343    1.8064428e+11   4.019135e+06   0.000000e+00    165s
  354354    1.6313757e+11   3.856250e+06   0.000000e+00    170s
  365365    1.6307199e+11   4.008780e+06   0.000000e+00    175s
  375375    1.3520582e+11   3.910424e+06   0.000000e+00    180s
  385385    1.1974960e+11   3.692622e+06   0.000000e+00    185s
  395395    1.1398244e+11   3.494438e+06   0.000000e+00    190s
  405405    1.1300272e+11   3.618025e+06   0.000000e+00    195s
  415415    1.0275050e+11   3.492064e+06   0.000000e+00    200s
  425425    9.8413300e+10   3.469602e+06   0.000000e+00    205s
  436436    9.8393560e+10   3.605734e+06   0.000000e+00    210s
  447447    7.8272421e+10   3.499027e+06   0.000000e+00    215s
  456456    5.5883178e+10   3.316534e+06   0.000000e+00    220s
  466466    4.9314652e+10   3.105097e+06   0.000000e+00    225s
  475475    4.5920610e+10   3.014331e+06   0.000000e+00    230s
  485485    4.2693788e+10   2.964483e+06   0.000000e+00    235s
  494494    3.9937922e+10   2.871023e+06   0.000000e+00    240s
  503503    3.8754782e+10   2.778550e+06   0.000000e+00    245s
  514514    3.8726660e+10   2.816315e+06   0.000000e+00    250s
  525525    3.3862153e+10   2.758981e+06   0.000000e+00    255s
  536536    2.7954153e+10   2.692000e+06   0.000000e+00    260s
  547547    2.7954135e+10   2.650997e+06   0.000000e+00    265s
  559559    2.7954124e+10   2.604428e+06   0.000000e+00    270s
  571571    2.7954092e+10   2.552779e+06   0.000000e+00    275s
  583583    2.7954089e+10   2.509055e+06   0.000000e+00    280s
  592592    2.5144443e+10   2.519927e+06   0.000000e+00    285s
  602602    2.1759155e+10   2.425868e+06   0.000000e+00    290s
  611611    1.8477156e+10   2.299438e+06   0.000000e+00    295s
  620620    1.7833897e+10   2.295596e+06   0.000000e+00    300s
  629629    1.6622244e+10   2.142430e+06   0.000000e+00    305s
  639639    1.6038811e+10   2.123060e+06   0.000000e+00    310s
  648648    1.4984369e+10   2.066411e+06   0.000000e+00    315s
  657657    1.4624150e+10   2.033246e+06   0.000000e+00    320s
  667667    1.3909458e+10   1.999855e+06   0.000000e+00    325s
  676676    1.3738182e+10   1.946683e+06   0.000000e+00    330s
  684684    1.3735594e+10   1.980660e+06   0.000000e+00    335s
  692692    1.3732827e+10   1.968627e+06   0.000000e+00    340s
  701701    1.3069612e+10   1.873880e+06   0.000000e+00    345s
  710710    1.1322778e+10   1.834141e+06   0.000000e+00    350s
  721721    1.1302615e+10   1.822242e+06   0.000000e+00    355s
  732732    1.0925295e+10   1.777037e+06   0.000000e+00    360s
  741741    5.4801901e+09   1.733742e+06   0.000000e+00    365s
  749749    4.8701317e+09   1.727099e+06   0.000000e+00    370s
  758758    3.0373754e+09   1.631781e+06   0.000000e+00    376s
  766766    2.3605753e+09   1.548798e+06   0.000000e+00    381s
  774774    2.2613621e+09   1.503060e+06   0.000000e+00    385s
  783783    2.2463418e+09   1.517801e+06   0.000000e+00    390s
  791791    2.2440264e+09   1.525512e+06   0.000000e+00    395s
  800800    1.8433197e+09   1.472207e+06   0.000000e+00    400s
  808808    1.7116667e+09   1.441524e+06   0.000000e+00    405s
  817817    1.5829312e+09   1.376632e+06   0.000000e+00    410s
  825825    1.0007772e+09   1.294147e+06   0.000000e+00    415s
  833833    8.7825184e+08   1.251639e+06   0.000000e+00    420s
  841841    8.7639150e+08   1.273386e+06   0.000000e+00    425s
  850850    8.7420872e+08   1.287512e+06   0.000000e+00    430s
  858858    8.7217085e+08   1.300935e+06   0.000000e+00    435s
  867867    7.6673610e+08   1.257854e+06   0.000000e+00    440s
  875875    7.6576424e+08   1.205289e+06   0.000000e+00    445s
  883883    7.6482324e+08   1.137773e+06   0.000000e+00    450s
  892892    6.7071567e+08   1.069332e+06   0.000000e+00    456s
  900900    6.6962335e+08   1.034984e+06   0.000000e+00    460s
  909909    6.6785716e+08   1.049792e+06   0.000000e+00    465s
  918918    6.6609969e+08   1.068662e+06   0.000000e+00    471s
  925925    6.6456143e+08   1.066120e+06   0.000000e+00    475s
  934934    6.6251204e+08   1.077168e+06   0.000000e+00    481s
  942942    6.6137962e+08   1.047841e+06   0.000000e+00    485s
  950950    6.6056559e+08   9.886306e+05   0.000000e+00    491s
  958958    5.7827730e+08   9.275658e+05   0.000000e+00    495s
  966966    5.7748835e+08   8.679283e+05   0.000000e+00    501s
  974974    2.8420045e+08   8.049584e+05   0.000000e+00    505s
  983983    2.8294522e+08   7.888741e+05   0.000000e+00    511s
  991991    2.8165516e+08   7.948456e+05   0.000000e+00    515s
  999999    2.8034956e+08   8.048125e+05   0.000000e+00    520s
 1009008    1.3864581e+08   7.806964e+05   0.000000e+00    526s
 1017016    5.1268322e+06   7.375613e+05   0.000000e+00    531s
 1025024    4.5372849e+06   6.941483e+05   0.000000e+00    535s
 1033032    3.9742480e+06   6.484430e+05   0.000000e+00    540s
 1041040   -5.4611656e+07   5.861904e+05   0.000000e+00    545s
 1050049   -1.0966623e+08   5.679037e+05   0.000000e+00    550s
 1058057   -1.1064089e+08   5.648117e+05   0.000000e+00    555s
 1067066   -1.1177479e+08   5.646009e+05   0.000000e+00    560s
 1075074   -1.1275082e+08   5.629304e+05   0.000000e+00    565s
 1084083   -2.1854778e+08   5.165710e+05   0.000000e+00    571s
 1092091   -2.6690483e+08   4.701903e+05   0.000000e+00    575s
 1100099   -3.1258549e+08   4.346938e+05   0.000000e+00    580s
 1108107   -3.1299401e+08   3.840522e+05   0.000000e+00    585s
 1117116   -3.2064298e+08   3.492029e+05   0.000000e+00    590s
 1125124   -3.2100963e+08   3.102944e+05   0.000000e+00    595s
 1134133   -3.2178836e+08   3.121176e+05   0.000000e+00    600s
 1143142   -3.2255432e+08   3.146926e+05   0.000000e+00    605s
 1152151   -3.2337160e+08   3.135505e+05   0.000000e+00    610s
 1161160   -3.5815551e+08   2.842172e+05   0.000000e+00    615s
 1169168   -3.5848033e+08   2.482356e+05   0.000000e+00    620s
 1178177   -3.8793906e+08   2.105451e+05   0.000000e+00    625s
 1187186   -3.8823786e+08   1.770910e+05   0.000000e+00    630s
 1196195   -3.8850522e+08   1.538199e+05   0.000000e+00    635s
 1204203   -3.8873150e+08   1.247246e+05   0.000000e+00    640s
 1214213   -3.8898110e+08   9.821218e+04   0.000000e+00    645s
 1223222   -3.8918093e+08   7.915749e+04   0.000000e+00    650s
 1232231   -3.8934727e+08   6.136606e+04   0.000000e+00    655s
 1242241   -3.8951686e+08   4.687471e+04   0.000000e+00    660s
 1252251   -3.8964366e+08   3.046009e+04   0.000000e+00    665s
 1262261   -3.9523497e+08   1.916907e+04   0.000000e+00    670s
 1272271   -3.9989942e+08   1.082856e+04   0.000000e+00    675s
 1282281   -3.9995440e+08   5.487512e+03   0.000000e+00    680s
 1292291   -4.0189813e+08   2.182298e+03   0.000000e+00    685s
 1303302   -4.0191236e+08   9.954635e+02   0.000000e+00    690s
 1314313   -4.0191274e+08   8.488753e+02   0.000000e+00    695s
 1325324   -4.0191276e+08   7.165388e+02   0.000000e+00    700s
 1336335   -4.0191277e+08   5.658938e+02   0.000000e+00    705s
 1347346   -4.0191278e+08   4.284063e+02   0.000000e+00    710s
 1358357   -4.0191738e+08   7.060488e+02   0.000000e+00    715s
 1363855   -4.0191905e+08   0.000000e+00   0.000000e+00    726s

Solved in 1363855 iterations and 725.68 seconds (762.83 work units)
Optimal objective -4.019190473e+08
