
Gurobi 13.0.1 (win64) logging started Fri Sep 25 13:05:05 2026

Set parameter LogFile to value "C:/Users/omkarp/Downloads/Large-scale-LBBD-Optimization/runs/2026-09-25_130129_full_with_redirection_LBBD_withPV_withBESS/logs/lbbd_master_bootstrap_lp.log"
Set parameter Method to value 1
Gurobi Optimizer version 13.0.1 build v13.0.1rc0 (win64 - Windows 11+.0 (26200.2))

CPU model: Intel(R) Xeon(R) w5-2465X, instruction set [SSE2|AVX|AVX2|AVX512]
Thread count: 16 physical cores, 32 logical processors, using up to 10 threads

Non-default parameters:
TimeLimit  21600
SoftMemLimit  180
Method  1
Heuristics  0.25
NodefileStart  0.5
PumpPasses  20
StartNodeLimit  5000
StartTimeLimit  7200
SubMIPNodes  3000
Cuts  1
AggFill  0
NumericFocus  1
Presolve  2
PreSparsify  1
Threads  10
ImproveStartGap  0.1

Optimize a model with 5177678 rows, 5098153 columns and 18406278 nonzeros (Max)
Model fingerprint: 0xa85f6a86
Model has 1 linear objective coefficients
Coefficient statistics:
  Matrix range     [4e-05, 6e+05]
  Objective range  [1e+00, 1e+00]
  Bounds range     [1e+00, 1e+03]
  RHS range        [2e-02, 7e+08]

Presolve removed 2349557 rows and 2857170 columns (presolve time = 5s)...
Presolve removed 2349557 rows and 2857170 columns (presolve time = 10s)...
Presolve removed 2349557 rows and 2857170 columns (presolve time = 15s)...
Presolve removed 2349557 rows and 2857170 columns (presolve time = 20s)...
Presolve removed 2349557 rows and 2857170 columns (presolve time = 25s)...
Presolve removed 2349557 rows and 2857170 columns (presolve time = 30s)...
Presolve removed 2496539 rows and 2857170 columns (presolve time = 35s)...
Presolve removed 2497457 rows and 2857476 columns (presolve time = 40s)...
Presolve removed 2497457 rows and 2857476 columns (presolve time = 45s)...
Presolve removed 2497457 rows and 2857476 columns (presolve time = 50s)...
Presolve removed 2497457 rows and 2857476 columns (presolve time = 55s)...
Presolve removed 2497457 rows and 2857476 columns (presolve time = 60s)...
Presolve removed 2497464 rows and 2857476 columns (presolve time = 65s)...
Presolve removed 2497464 rows and 2857476 columns (presolve time = 70s)...
Presolve removed 2497464 rows and 2857476 columns (presolve time = 75s)...
Presolve removed 2497464 rows and 2857476 columns (presolve time = 80s)...
Presolve removed 2497464 rows and 2857476 columns (presolve time = 85s)...
Presolve removed 2497464 rows and 2857476 columns (presolve time = 90s)...
Presolve removed 2497464 rows and 2857476 columns
Presolve time: 202.68s
Presolved: 2680214 rows, 2240677 columns, 9438247 nonzeros

Iteration    Objective       Primal Inf.    Dual Inf.      Time
       0    7.4927587e+08   2.388283e+08   0.000000e+00    204s
    5005    7.4927587e+08   1.685343e+08   0.000000e+00    205s
   24024    7.4927587e+08   7.731227e+07   0.000000e+00    210s
   39039    7.4927587e+08   4.064725e+07   0.000000e+00    215s
   52052    7.4927587e+08   2.518120e+07   0.000000e+00    220s
   62062    7.4927586e+08   2.628325e+07   0.000000e+00    225s
   72072    7.4927586e+08   1.744969e+07   0.000000e+00    230s
   79933    7.4927586e+08   1.625154e+07   0.000000e+00    235s
   88600    7.4927586e+08   1.485978e+07   0.000000e+00    240s
  102614    7.4927586e+08   1.306927e+07   0.000000e+00    245s
  115627    7.4927586e+08   1.188009e+07   0.000000e+00    250s
  128640    7.4927586e+08   1.057784e+07   0.000000e+00    255s
  141653    7.4927586e+08   9.748919e+06   0.000000e+00    260s
  153665    7.4927586e+08   8.702554e+06   0.000000e+00    265s
  166678    7.4927586e+08   7.831557e+06   0.000000e+00    270s
  180692    7.4927586e+08   7.166238e+06   0.000000e+00    275s
  181492    7.4927586e+08   3.303627e+09   0.000000e+00    282s
  181602    7.4927586e+08   1.583275e+09   0.000000e+00    287s
  181732    7.4927586e+08   2.933698e+07   0.000000e+00    291s
  181972    7.4927586e+08   3.521705e+07   0.000000e+00    298s
  182072    7.4927586e+08   1.532529e+08   0.000000e+00    302s
  182292    7.4927586e+08   7.300661e+07   0.000000e+00    306s
  182502    7.4927586e+08   1.364787e+08   0.000000e+00    313s
  182612    7.4927586e+08   3.695669e+07   0.000000e+00    317s
  182732    7.4927586e+08   2.232822e+09   0.000000e+00    321s
  182962    7.4927586e+08   2.694083e+09   0.000000e+00    328s
  183072    7.4927586e+08   2.802993e+07   0.000000e+00    332s
  183202    7.4927586e+08   1.122423e+08   0.000000e+00    336s
  183472    7.4927586e+08   2.675740e+07   0.000000e+00    343s
  183582    7.4927586e+08   1.031358e+09   0.000000e+00    347s
  183692    7.4927586e+08   3.189840e+07   0.000000e+00    352s
  183822    7.4927586e+08   5.446738e+07   0.000000e+00    356s
  184052    7.4927585e+08   1.356074e+09   0.000000e+00    365s
  184152    7.4927585e+08   2.784684e+07   0.000000e+00    369s
  184272    7.4927585e+08   5.552070e+07   0.000000e+00    374s
  184392    7.4927585e+08   1.615682e+09   0.000000e+00    379s
  184492    7.4927585e+08   6.672159e+07   0.000000e+00    383s
  184612    7.4927585e+08   1.392383e+09   0.000000e+00    387s
  184722    7.4927585e+08   1.072891e+09   0.000000e+00    392s
  184832    7.4927585e+08   1.274284e+08   0.000000e+00    396s
  185052    7.4927585e+08   4.283781e+07   0.000000e+00    404s
  185172    7.4927585e+08   9.192179e+07   0.000000e+00    407s
  185282    7.4927585e+08   2.593836e+07   0.000000e+00    411s
  185592    7.4927585e+08   4.417366e+07   0.000000e+00    418s
  185742    7.4927585e+08   8.525298e+07   0.000000e+00    421s
  185852    7.4927585e+08   1.685591e+09   0.000000e+00    425s
  186092    7.4927585e+08   3.945747e+07   0.000000e+00    432s
  186412    7.4927584e+08   3.151994e+07   0.000000e+00    436s
  186672    7.4927584e+08   2.585259e+07   0.000000e+00    443s
  186792    7.4927584e+08   3.017191e+07   0.000000e+00    446s
  187032    7.4927584e+08   8.910545e+07   0.000000e+00    453s
  187152    7.4927584e+08   9.330991e+07   0.000000e+00    457s
  187272    7.4927584e+08   5.990567e+07   0.000000e+00    460s
  187572    7.4927584e+08   3.037946e+07   0.000000e+00    467s
  187932    7.4927584e+08   2.578829e+07   0.000000e+00    470s
  188172    7.4927584e+08   2.333193e+07   0.000000e+00    477s
  188292    7.4927584e+08   4.263726e+07   0.000000e+00    480s
  188542    7.4927584e+08   5.583612e+07   0.000000e+00    487s
  188672    7.4927584e+08   8.778585e+07   0.000000e+00    490s
  188912    7.4927583e+08   2.874498e+07   0.000000e+00    497s
  189172    7.4927583e+08   3.923636e+07   0.000000e+00    503s
  189292    7.4927583e+08   5.037444e+07   0.000000e+00    506s
  189532    7.4927583e+08   5.271833e+07   0.000000e+00    512s
  189662    7.4927583e+08   3.805236e+07   0.000000e+00    515s
  189982    7.4927583e+08   6.184002e+07   0.000000e+00    522s
  190112    7.4927583e+08   4.383835e+07   0.000000e+00    525s
  190372    7.4927583e+08   6.066804e+07   0.000000e+00    531s
  190632    7.4927583e+08   6.485291e+08   0.000000e+00    537s
  190792    7.4927583e+08   4.014369e+07   0.000000e+00    540s
  191052    7.4927583e+08   4.382910e+07   0.000000e+00    547s
  191312    7.4927583e+08   4.083048e+07   0.000000e+00    553s
  191442    7.4927583e+08   4.824867e+07   0.000000e+00    556s
  191712    7.4927582e+08   4.075371e+07   0.000000e+00    562s
  191972    7.4927582e+08   4.521960e+07   0.000000e+00    568s
  192112    7.4927582e+08   7.140468e+07   0.000000e+00    571s
  192372    7.4927582e+08   4.925161e+07   0.000000e+00    577s
  192642    7.4927582e+08   5.632213e+07   0.000000e+00    583s
  192772    7.4927582e+08   5.850681e+07   0.000000e+00    586s
  193052    7.4927582e+08   4.509004e+07   0.000000e+00    592s
  193192    7.4927582e+08   5.916244e+07   0.000000e+00    595s
  193472    7.4927582e+08   4.592899e+07   0.000000e+00    601s
  193762    7.4927582e+08   5.084348e+07   0.000000e+00    606s
  194032    7.4927581e+08   4.552784e+07   0.000000e+00    612s
  194312    7.4927581e+08   5.695181e+07   0.000000e+00    618s
  194462    7.4927581e+08   4.565415e+07   0.000000e+00    620s
  194902    7.4927581e+08   4.444679e+07   0.000000e+00    626s
  195182    7.4927581e+08   5.548046e+07   0.000000e+00    631s
  195462    7.4927581e+08   4.511996e+07   0.000000e+00    637s
  195742    7.4927581e+08   4.561298e+07   0.000000e+00    643s
  195882    7.4927581e+08   4.625767e+07   0.000000e+00    646s
  196382    7.4927578e+08   4.939335e+07   0.000000e+00    651s
  196682    7.4927578e+08   5.673625e+07   0.000000e+00    656s
  196972    7.4927577e+08   6.991925e+08   0.000000e+00    662s
  197272    7.4927576e+08   3.761406e+07   0.000000e+00    667s
  197572    7.4927575e+08   1.003686e+09   0.000000e+00    673s
  197722    7.4927575e+08   6.664624e+07   0.000000e+00    675s
  198022    7.4927575e+08   5.203298e+07   0.000000e+00    681s
  198322    7.4927574e+08   5.022132e+07   0.000000e+00    686s
  198622    7.4927574e+08   7.414864e+07   0.000000e+00    691s
  198942    7.4927573e+08   1.103317e+08   0.000000e+00    697s
  199242    7.4927573e+08   5.390024e+07   0.000000e+00    702s
  199542    7.4927572e+08   5.280484e+07   0.000000e+00    707s
  199842    7.4927572e+08   5.108229e+07   0.000000e+00    713s
  199992    7.4927572e+08   7.211654e+07   0.000000e+00    715s
  200332    7.4927571e+08   4.113366e+07   0.000000e+00    721s
  202213    7.4927570e+08   5.915610e+07   0.000000e+00    727s
  202503    7.4927570e+08   5.247151e+07   0.000000e+00    733s
  202653    7.4927569e+08   5.288047e+07   0.000000e+00    735s
  202943    7.4927569e+08   1.475031e+08   0.000000e+00    741s
  203243    7.4927569e+08   5.454632e+07   0.000000e+00    746s
  203543    7.4927568e+08   4.883234e+07   0.000000e+00    752s
  203843    7.4927568e+08   4.660143e+07   0.000000e+00    758s
  203993    7.4927568e+08   1.568957e+09   0.000000e+00    760s
  204293    7.4927567e+08   6.524988e+07   0.000000e+00    766s
  204603    7.4927567e+08   5.818603e+07   0.000000e+00    771s
  204903    7.4927567e+08   1.027754e+08   0.000000e+00    777s
  205203    7.4927566e+08   1.994919e+09   0.000000e+00    782s
  205503    7.4927566e+08   4.944928e+07   0.000000e+00    788s
  205653    7.4927566e+08   7.674454e+07   0.000000e+00    791s
  205953    7.4927566e+08   5.170329e+07   0.000000e+00    796s
  206253    7.4927565e+08   5.846966e+07   0.000000e+00    801s
  206553    7.4927565e+08   4.818789e+07   0.000000e+00    807s
  206853    7.4927565e+08   5.487851e+07   0.000000e+00    812s
  207163    7.4927564e+08   9.570292e+07   0.000000e+00    817s
  207473    7.4927564e+08   4.880977e+07   0.000000e+00    822s
  207773    7.4927564e+08   7.120835e+07   0.000000e+00    828s
  207923    7.4927563e+08   2.254902e+08   0.000000e+00    830s
  208233    7.4927563e+08   5.135475e+07   0.000000e+00    836s
  208833    7.4927563e+08   2.230463e+09   0.000000e+00    841s
  209133    7.4927562e+08   5.768900e+07   0.000000e+00    846s
  209443    7.4927562e+08   1.166502e+08   0.000000e+00    851s
  209743    7.4927562e+08   6.321485e+07   0.000000e+00    857s
  210043    7.4927562e+08   6.749767e+07   0.000000e+00    862s
  210343    7.4927561e+08   9.304739e+07   0.000000e+00    868s
  210493    7.4927561e+08   6.533298e+07   0.000000e+00    870s
  210793    7.4927561e+08   2.670883e+09   0.000000e+00    876s
  211093    7.4927560e+08   7.073916e+07   0.000000e+00    881s
  211393    7.4927560e+08   5.560077e+07   0.000000e+00    886s
  211703    7.4927560e+08   1.019562e+08   0.000000e+00    892s
  212003    7.4927559e+08   5.377866e+07   0.000000e+00    897s
  212313    7.4927559e+08   1.302965e+08   0.000000e+00    903s
  212463    7.4927559e+08   1.278791e+08   0.000000e+00    905s
  212763    7.4927559e+08   1.072701e+08   0.000000e+00    911s
  213063    7.4927559e+08   5.090667e+07   0.000000e+00    916s
  213383    7.4927558e+08   5.642418e+07   0.000000e+00    922s
  213683    7.4927558e+08   4.917029e+07   0.000000e+00    928s
  213853    7.4927558e+08   5.291399e+07   0.000000e+00    930s
  214163    7.4927558e+08   6.742353e+08   0.000000e+00    936s
  214463    7.4927557e+08   6.570117e+07   0.000000e+00    941s
  214773    7.4927557e+08   5.385331e+07   0.000000e+00    947s
  215073    7.4927557e+08   7.197853e+07   0.000000e+00    953s
  215223    7.4927557e+08   5.754436e+07   0.000000e+00    955s
  215523    7.4927556e+08   6.351732e+07   0.000000e+00    961s
  215833    7.4927556e+08   6.411539e+07   0.000000e+00    966s
  216143    7.4927556e+08   6.187810e+07   0.000000e+00    972s
  216733    7.4927555e+08   4.160765e+07   0.000000e+00    978s
  216883    7.4927555e+08   7.343085e+07   0.000000e+00    980s
  217183    7.4927555e+08   9.244359e+07   0.000000e+00    986s
  217493    7.4927555e+08   1.128946e+08   0.000000e+00    992s
  217853    7.4927555e+08   5.477307e+07   0.000000e+00    998s
  218013    7.4927555e+08   5.091511e+07   0.000000e+00   1000s
  218313    7.4927554e+08   6.904071e+07   0.000000e+00   1006s
  218613    7.4927554e+08   4.966464e+07   0.000000e+00   1012s
  218963    7.4927554e+08   6.952308e+07   0.000000e+00   1018s
  219113    7.4927554e+08   1.032959e+09   0.000000e+00   1021s
  219413    7.4927553e+08   5.756401e+07   0.000000e+00   1026s
  219723    7.4927553e+08   4.932950e+07   0.000000e+00   1032s
  219873    7.4927553e+08   6.824664e+07   0.000000e+00   1035s
  220173    7.4927553e+08   6.673679e+07   0.000000e+00   1041s
  220483    7.4927553e+08   7.223247e+07   0.000000e+00   1047s
  220783    7.4927552e+08   6.521858e+07   0.000000e+00   1053s
  220983    7.4927552e+08   6.525045e+07   0.000000e+00   1056s
  221283    7.4927552e+08   1.702218e+09   0.000000e+00   1062s
  221583    7.4927552e+08   6.215791e+07   0.000000e+00   1068s
  221733    7.4927552e+08   5.587431e+07   0.000000e+00   1071s
  222033    7.4927552e+08   5.468060e+07   0.000000e+00   1077s
  223033    7.4927551e+08   6.395128e+07   0.000000e+00   1083s
  223173    7.4927551e+08   5.116214e+07   0.000000e+00   1086s
  223473    7.4927551e+08   6.270482e+07   0.000000e+00   1092s
  223773    7.4927551e+08   6.858577e+07   0.000000e+00   1098s
  223913    7.4927550e+08   5.143524e+07   0.000000e+00   1101s
  224213    7.4927550e+08   1.347053e+09   0.000000e+00   1107s
  224363    7.4927550e+08   9.185955e+07   0.000000e+00   1110s
  224663    7.4927550e+08   7.401396e+07   0.000000e+00   1116s
  224963    7.4927550e+08   7.555422e+07   0.000000e+00   1122s
  225113    7.4927549e+08   5.015890e+07   0.000000e+00   1126s
  225413    7.4927549e+08   5.892596e+07   0.000000e+00   1132s
  225713    7.4927549e+08   4.879369e+07   0.000000e+00   1138s
  225863    7.4927549e+08   2.103210e+09   0.000000e+00   1141s
  226163    7.4927549e+08   9.220813e+07   0.000000e+00   1147s
  226313    7.4927549e+08   5.528868e+07   0.000000e+00   1150s
  226613    7.4927548e+08   9.375479e+07   0.000000e+00   1156s
  226913    7.4927548e+08   7.058136e+07   0.000000e+00   1162s
  227063    7.4927548e+08   5.625716e+07   0.000000e+00   1166s
  227363    7.4927548e+08   5.797177e+07   0.000000e+00   1172s
  227663    7.4927548e+08   6.699554e+07   0.000000e+00   1178s
  227813    7.4927547e+08   6.343564e+07   0.000000e+00   1181s
  228113    7.4927547e+08   1.179089e+08   0.000000e+00   1187s
  228263    7.4927547e+08   5.353927e+07   0.000000e+00   1190s
  228563    7.4927547e+08   5.813733e+07   0.000000e+00   1197s
  228873    7.4927547e+08   2.333418e+08   0.000000e+00   1203s
  229023    7.4927547e+08   1.986408e+09   0.000000e+00   1206s
  229333    7.4927546e+08   7.599861e+07   0.000000e+00   1212s
  229483    7.4927546e+08   7.081376e+07   0.000000e+00   1216s
  229783    7.4927546e+08   5.759768e+07   0.000000e+00   1222s
  229943    7.4927546e+08   7.335984e+07   0.000000e+00   1225s
  230263    7.4927546e+08   5.425093e+07   0.000000e+00   1232s
  230413    7.4927546e+08   6.084806e+07   0.000000e+00   1235s
  230713    7.4927546e+08   8.131709e+07   0.000000e+00   1241s
  231013    7.4927545e+08   4.052857e+07   0.000000e+00   1248s
  231163    7.4927545e+08   5.834682e+07   0.000000e+00   1251s
  231473    7.4927545e+08   5.974791e+07   0.000000e+00   1257s
  231633    7.4927545e+08   6.372225e+07   0.000000e+00   1261s
  231953    7.4927545e+08   7.077017e+07   0.000000e+00   1267s
  232323    7.4927545e+08   6.544251e+07   0.000000e+00   1270s
  232613    7.4927544e+08   9.561189e+07   0.000000e+00   1277s
  232763    7.4927544e+08   6.623770e+07   0.000000e+00   1280s
  233063    7.4927544e+08   6.204301e+07   0.000000e+00   1287s
  233223    7.4927544e+08   6.400745e+07   0.000000e+00   1290s
  233513    7.4927544e+08   1.255020e+08   0.000000e+00   1296s
  233803    7.4927544e+08   1.548622e+08   0.000000e+00   1303s
  233943    7.4927544e+08   1.047461e+08   0.000000e+00   1306s
  234283    7.4927543e+08   5.979001e+07   0.000000e+00   1313s
  234423    7.4927543e+08   9.718031e+07   0.000000e+00   1316s
  234723    7.4927543e+08   5.263597e+07   0.000000e+00   1323s
  234883    7.4927543e+08   5.265280e+07   0.000000e+00   1326s
  235173    7.4927543e+08   5.826413e+07   0.000000e+00   1333s
  235323    7.4927543e+08   7.993359e+07   0.000000e+00   1336s
  235949    7.4927587e+08   3.723005e+07   8.838994e+11   1342s
  236984    7.4927587e+08   3.185887e+07   7.831985e+11   1346s
  238119    5.1100593e+08   9.536587e+06   5.552629e+11   1350s
  240934    4.8338244e+08   5.781903e+06   3.670397e+11   1356s
  243937    4.6499803e+08   4.344075e+06   2.806664e+11   1362s
  245939    4.4351155e+08   3.318550e+06   2.708944e+11   1365s
  248942    4.3449131e+08   2.576473e+06   2.253408e+11   1371s
  251945    4.3240532e+08   2.188648e+06   1.924607e+11   1375s
  255949    4.3002323e+08   1.886706e+06   2.253514e+11   1381s
  258953    4.2894585e+08   1.707032e+06   1.974294e+11   1385s
  263958    4.2871390e+08   1.590111e+06   1.678229e+11   1391s
  268963    4.2850986e+08   1.345323e+06   1.546199e+11   1396s
  275972    4.2756979e+08   1.241490e+06   2.590559e+11   1401s
  283980    4.2346019e+08   1.088422e+06   1.497404e+11   1405s
  292324    4.2271423e+08   9.796343e+05   1.556211e+11   1411s
  293812    4.2285015e+08   9.242262e+05   1.411160e+11   1415s
  295562    4.2293749e+08   8.958914e+05   1.233814e+11   1422s
  296776    4.2292235e+08   8.829921e+05   1.111694e+11   1426s
  297636    4.2351193e+08   8.628434e+05   1.101504e+11   1431s
  298886    4.2382717e+08   8.501502e+05   9.137550e+10   1437s
  299807    4.2390063e+08   8.399489e+05   8.728680e+10   1441s
  300827    4.2362825e+08   8.279104e+05   8.433965e+10   1445s
  301587    4.2361031e+08   8.158359e+05   9.987061e+10   1452s
  302758    4.2356827e+08   7.955144e+05   9.439956e+10   1456s
  303788    4.2355141e+08   7.802642e+05   9.566114e+10   1462s
  304740    4.2326506e+08   7.680516e+05   9.521511e+10   1466s
  305700    4.2322913e+08   7.582339e+05   9.163420e+10   1470s
  307823    4.2407290e+08   7.152759e+05   9.100824e+10   1476s
  308983    4.2490926e+08   6.994961e+05   9.265160e+10   1480s
  310954    4.2508565e+08   6.810993e+05   9.071748e+10   1486s
  312447    4.2478291e+08   6.744573e+05   9.197999e+10   1490s
  313929    4.2436394e+08   6.571927e+05   7.093684e+10   1497s
  315180    1.8732291e+08   6.488203e+05   6.988781e+10   1502s
  316781    1.8318702e+08   6.456128e+05   6.946015e+10   1505s
  319336    1.5943772e+08   6.333976e+05   6.854359e+10   1511s
  321882   -2.4868214e+08   6.248743e+05   6.824871e+10   1515s
  326453   -2.7052514e+08   6.139006e+05   6.699670e+10   1520s
  329597   -8.3231755e+08   6.014517e+05   6.426261e+10   1525s
  333304   -8.4969155e+08   5.914951e+05   6.332565e+10   1531s
  337687   -8.6739996e+08   5.789399e+05   6.199547e+10   1535s
  341340   -8.7633458e+08   5.709507e+05   6.096363e+10   1541s
  345778   -8.9315984e+08   5.575543e+05   6.100115e+10   1545s
  348010   -8.9516171e+08   5.422121e+05   6.147441e+10   1551s
  353018   -8.9881181e+08   4.930091e+05   5.613736e+10   1556s
  357379   -9.0191732e+08   4.704062e+05   5.453196e+10   1561s
  358650   -9.0230554e+08   4.614870e+05   5.621163e+10   1565s
  361325   -9.0241712e+08   4.276602e+05   5.553923e+10   1571s
  365182   -9.0186425e+08   3.993502e+05   5.618502e+10   1576s
  369085   -9.0056277e+08   3.707717e+05   5.293959e+10   1581s
  372088   -8.9948095e+08   3.475152e+05   5.170349e+10   1585s
  376021   -8.9689880e+08   3.134398e+05   5.007265e+10   1590s
  380881   -8.9272550e+08   2.744617e+05   4.969715e+10   1595s
  386809   -8.9034697e+08   2.319478e+05   4.537574e+10   1601s
  390356   -8.9008408e+08   2.152883e+05   4.416175e+10   1606s
  391346   -8.9001528e+08   2.100339e+05   4.485365e+10   1610s
  395025   -8.9021651e+08   2.009738e+05   4.517711e+10   1615s
  398722   -8.9037686e+08   1.928616e+05   4.211034e+10   1621s
  405573   -9.1498099e+08   1.739698e+05   3.774698e+10   1626s
  406847   -9.1488207e+08   1.674135e+05   3.613856e+10   1630s
  408447   -9.1457525e+08   1.595213e+05   2.985383e+10   1637s
  409677   -9.1443961e+08   1.532361e+05   2.736381e+10   1642s
  410628   -9.1434331e+08   1.483112e+05   2.605575e+10   1647s
  412401   -9.1389847e+08   1.337888e+05   2.638792e+10   1651s
  416744   -9.1049296e+08   8.995721e+04   2.612901e+10   1655s
  419739   -9.0947589e+08   7.230209e+04   2.563050e+10   1662s
  421948   -9.0898634e+08   5.948570e+04   1.936223e+10   1667s
  422818   -9.0884895e+08   5.502310e+04   1.876821e+10   1672s
  423508   -9.0869928e+08   5.084871e+04   1.625185e+10   1677s
  424098   -9.0846897e+08   4.745926e+04   1.722436e+10   1681s
  425038   -9.0825110e+08   4.459428e+04   1.805301e+10   1685s
  425848   -9.0822567e+08   4.159700e+04   1.502025e+10   1692s
  426368   -9.0800245e+08   3.943847e+04   1.410718e+10   1696s
  426868   -9.0845754e+08   3.807911e+04   5.020594e+10   1701s
  427328   -9.0928785e+08   3.699944e+04   2.466443e+10   1706s
  428178   -9.0952967e+08   3.623853e+04   3.579957e+10   1710s
  428588   -9.0933636e+08   3.585073e+04   1.727603e+10   1715s
  430188   -9.0890952e+08   3.430446e+04   2.154804e+10   1722s
  431218   -9.0874657e+08   3.364125e+04   2.885718e+10   1726s
  431998   -9.0867901e+08   3.263734e+04   2.328205e+10   1731s
  432438   -9.0828192e+08   3.081404e+04   2.455414e+10   1735s
  432918   -9.0797908e+08   3.000132e+04   2.341021e+10   1740s
  433388   -9.0754197e+08   2.957808e+04   1.739323e+10   1747s
  433908   -9.0715319e+08   2.917005e+04   1.707706e+10   1752s
  434970   -9.1917201e+08   2.674151e+04   2.998790e+10   1756s
  437213   -8.4109260e+08   2.397759e+04   1.551075e+10   1760s
  439032   -8.1206984e+08   2.194054e+04   1.429322e+10   1767s
  440092   -7.8849439e+08   2.104813e+04   9.296470e+09   1771s
  441184   -7.6908162e+08   2.011664e+04   8.855416e+09   1775s
  442958   -7.6581198e+08   1.779811e+04   1.720439e+10   1781s
  444642   -3.6678531e+08   1.599923e+04   8.422353e+09   1787s
  445342   -3.6708148e+08   1.556994e+04   7.786192e+09   1792s
  446452   -3.6772062e+08   1.474066e+04   9.143275e+09   1796s
  447589   -2.6569390e+08   1.357500e+04   3.170669e+10   1800s
  449026   -1.0787850e+08   1.253461e+04   8.789323e+09   1807s
  449506   -1.7895918e+07   1.202008e+04   1.109591e+10   1811s
  451258    1.0678337e+08   1.016719e+04   1.629673e+10   1816s
  452363    1.1262049e+08   9.406930e+03   6.155305e+09   1820s
  454384    1.7698315e+08   7.693476e+03   2.265138e+10   1827s
  455484    1.9008015e+08   6.673954e+03   1.239834e+10   1831s
  456526    2.8987695e+08   5.399339e+03   7.300743e+09   1835s
  458143    2.8998927e+08   4.457990e+03   6.234961e+09   1842s
  458803    2.8995600e+08   3.558349e+03   7.617216e+09   1846s
  459925    2.9002227e+08   2.480212e+03   2.373982e+10   1851s
  461328    2.9004522e+08   1.786680e+03   2.640696e+09   1857s
  461868    2.9010661e+08   1.303540e+03   3.091857e+09   1861s
  462998    2.9003487e+08   9.904785e+02   1.118968e+10   1866s
  463638    2.8996760e+08   6.925849e+02   1.671475e+09   1870s
  464258    2.9004377e+08   5.502651e+02   1.000958e+09   1875s
  465078    2.9006081e+08   3.851434e+02   3.544268e+09   1882s
  465608    2.9011163e+08   3.283923e+02   1.878868e+09   1887s
  466198    2.9014606e+08   2.687710e+02   1.697441e+09   1891s
  466688    2.9014895e+08   1.836580e+02   6.860096e+09   1896s
  467308    2.9014204e+08   1.273879e+02   5.390080e+08   1900s
  468028    2.9028194e+08   8.774547e+01   3.110792e+08   1907s
  468638    2.9040922e+08   7.932953e+01   3.956220e+08   1911s
  469128    2.9041652e+08   6.585365e+01   2.140721e+09   1916s
  469608    2.9044944e+08   5.704431e+01   1.891016e+08   1921s
  470518    2.9053670e+08   4.568890e+01   1.244855e+09   1925s
  471478    2.9062684e+08   3.361316e+01   3.075821e+08   1932s
  472578    2.9138553e+08   2.696169e+01   3.988158e+08   1937s
  473138    2.9145372e+08   1.810720e+01   6.609643e+08   1941s
  473768    2.9152397e+08   1.039919e+01   1.990367e+08   1946s
  474278    2.9154551e+08   1.120968e-01   3.610174e+08   1951s
  478222    3.3550058e+08   0.000000e+00   3.780019e+07   1956s
  485229    3.4106082e+08   0.000000e+00   4.163387e+07   1960s
  493516    3.4347394e+08   0.000000e+00   1.166829e+08   1966s
  499793    3.4602035e+08   0.000000e+00   1.097892e+08   1970s
  506083    3.4883395e+08   0.000000e+00   4.010707e+08   1976s
  513498    3.5134500e+08   0.000000e+00   3.865151e+08   1980s
  521506    3.5531874e+08   0.000000e+00   4.038872e+08   1985s
  529704    3.5749174e+08   0.000000e+00   4.562840e+08   1990s
  538275    3.6027050e+08   0.000000e+00   6.671941e+07   1995s
  547065    3.6261361e+08   0.000000e+00   6.453826e+07   2000s
  557075    3.6412233e+08   0.000000e+00   6.614669e+07   2005s
  563081    3.6591363e+08   0.000000e+00   6.854697e+07   2010s
  569869    3.6718585e+08   0.000000e+00   6.513083e+07   2015s
  576438    3.6789429e+08   0.000000e+00   6.427428e+07   2020s
  586448    3.6967694e+08   0.000000e+00   6.269691e+07   2025s
  593799    3.7126594e+08   0.000000e+00   5.803823e+07   2030s
  599805    3.7279035e+08   0.000000e+00   5.814410e+07   2036s
  605811    3.7408584e+08   0.000000e+00   5.864652e+07   2040s
  613819    3.7581147e+08   0.000000e+00   5.710442e+07   2046s
  619387    3.7741765e+08   0.000000e+00   5.702889e+07   2050s
  626394    3.7882143e+08   0.000000e+00   5.674589e+07   2055s
  634402    3.8010722e+08   0.000000e+00   5.539598e+07   2060s
  639407    3.8155155e+08   0.000000e+00   5.538518e+07   2065s
  644412    3.8275735e+08   0.000000e+00   5.731678e+07   2071s
  649240    3.8407917e+08   0.000000e+00   5.519558e+07   2076s
  654245    3.8593605e+08   0.000000e+00   5.314336e+07   2081s
  659250    3.8798374e+08   0.000000e+00   5.438466e+07   2085s
  665256    3.8997949e+08   0.000000e+00   5.351906e+07   2090s
  670042    3.9120349e+08   0.000000e+00   5.162198e+07   2096s
  675829    3.9266077e+08   0.000000e+00   5.416793e+07   2100s
  683837    3.9509721e+08   0.000000e+00   5.322103e+07   2106s
  689405    3.9615764e+08   0.000000e+00   5.191222e+07   2111s
  693409    3.9645754e+08   0.000000e+00   5.287318e+07   2115s
  698414    3.9692779e+08   0.000000e+00   5.201844e+07   2121s
  701417    3.9761311e+08   0.000000e+00   5.171089e+07   2125s
  705421    3.9858243e+08   0.000000e+00   5.153333e+07   2130s
  709425    3.9953441e+08   0.000000e+00   5.159239e+07   2135s
  714430    4.0032709e+08   0.000000e+00   5.066166e+07   2141s
  718434    4.0090906e+08   0.000000e+00   5.084608e+07   2146s
  722438    4.0113090e+08   0.000000e+00   5.082099e+07   2151s
  726442    4.0141807e+08   0.000000e+00   5.162929e+07   2156s
  730446    4.0167139e+08   0.000000e+00   5.102457e+07   2161s
  735451    4.0217245e+08   0.000000e+00   5.072810e+07   2166s
  739455    4.0273411e+08   0.000000e+00   5.149555e+07   2171s
  743459    4.0338783e+08   0.000000e+00   5.336633e+07   2175s
  748464    4.0416222e+08   0.000000e+00   5.229528e+07   2181s
  752468    4.0480867e+08   0.000000e+00   5.273294e+07   2185s
  757473    4.0609840e+08   0.000000e+00   5.129303e+07   2190s
  762478    4.0656748e+08   0.000000e+00   5.087842e+07   2195s
  767483    4.0698691e+08   0.000000e+00   4.956952e+07   2200s
  772488    4.0792516e+08   0.000000e+00   4.950172e+07   2205s
  778494    4.0892427e+08   0.000000e+00   4.962795e+07   2210s
  786502    4.0941084e+08   0.000000e+00   4.921643e+07   2215s
  792508    4.1020379e+08   0.000000e+00   5.013975e+07   2220s
  796512    4.1079630e+08   0.000000e+00   5.137029e+07   2226s
  799515    4.1106188e+08   0.000000e+00   5.150598e+07   2231s
  803519    4.1155626e+08   0.000000e+00   5.198102e+07   2236s
  806522    4.1175626e+08   0.000000e+00   5.213222e+07   2240s
  809525    4.1215464e+08   0.000000e+00   5.259069e+07   2245s
  812528    4.1238012e+08   0.000000e+00   5.233479e+07   2250s
  816532    4.1265566e+08   0.000000e+00   8.348711e+07   2255s
  820536    4.1290632e+08   0.000000e+00   1.042224e+08   2260s
  824540    4.1324407e+08   0.000000e+00   9.016087e+07   2265s
  828544    4.1345303e+08   0.000000e+00   9.382516e+07   2270s
  832548    4.1367598e+08   0.000000e+00   5.432883e+07   2275s
  836552    4.1401895e+08   0.000000e+00   5.510362e+07   2280s
  840556    4.1414633e+08   0.000000e+00   5.677255e+07   2286s
  844560    4.1442553e+08   0.000000e+00   5.638963e+07   2291s
  848345    4.1476198e+08   0.000000e+00   5.689462e+07   2296s
  852349    4.1513785e+08   0.000000e+00   5.595177e+07   2301s
  855352    4.1527442e+08   0.000000e+00   5.745202e+07   2305s
  860138    4.1557145e+08   0.000000e+00   5.832312e+07   2312s
  863141    4.1571514e+08   0.000000e+00   5.826582e+07   2315s
  867145    4.1599463e+08   0.000000e+00   5.781261e+07   2320s
  871149    4.1650806e+08   0.000000e+00   5.764127e+07   2325s
  875153    4.1678116e+08   0.000000e+00   5.776609e+07   2330s
  878156    4.1704474e+08   0.000000e+00   5.842243e+07   2335s
  882160    4.1735618e+08   0.000000e+00   5.784425e+07   2341s
  884944    4.1764444e+08   0.000000e+00   5.849848e+07   2345s
  888948    4.1797406e+08   0.000000e+00   5.907290e+07   2351s
  891951    4.1816905e+08   0.000000e+00   5.840512e+07   2355s
  895955    4.1848211e+08   0.000000e+00   5.936427e+07   2361s
  898958    4.1877471e+08   0.000000e+00   5.922387e+07   2365s
  902962    4.1938152e+08   0.000000e+00   5.925419e+07   2370s
  906966    4.1984516e+08   0.000000e+00   6.090893e+07   2376s
  909969    4.2012418e+08   0.000000e+00   6.255121e+07   2380s
  913973    4.2049494e+08   0.000000e+00   6.121780e+07   2386s
  917977    4.2104734e+08   0.000000e+00   6.099089e+07   2391s
  920980    4.2136682e+08   0.000000e+00   6.301290e+07   2395s
  924984    4.2185100e+08   0.000000e+00   6.447751e+07   2400s
  928988    4.2259098e+08   0.000000e+00   6.438432e+07   2405s
  933993    4.2327467e+08   0.000000e+00   6.399150e+07   2411s
  937997    4.2355727e+08   0.000000e+00   6.417037e+07   2416s
  942001    4.2402836e+08   0.000000e+00   6.226823e+07   2420s
  946005    4.2470070e+08   0.000000e+00   6.200765e+07   2426s
  949790    4.2501956e+08   0.000000e+00   6.143230e+07   2430s
  953794    4.2557520e+08   0.000000e+00   6.046791e+07   2435s
  957798    4.2609198e+08   0.000000e+00   6.452215e+07   2440s
  962803    4.2705394e+08   0.000000e+00   6.581170e+07   2445s
  968809    4.2790979e+08   0.000000e+00   6.730681e+07   2451s
  974815    4.2887742e+08   0.000000e+00   6.638615e+07   2457s
  977818    4.2929710e+08   0.000000e+00   6.561689e+07   2461s
  980821    4.2993171e+08   0.000000e+00   6.544372e+07   2466s
  984825    4.3143454e+08   0.000000e+00   6.442058e+07   2470s
  989830    4.3298477e+08   0.000000e+00   6.426520e+07   2476s
  992833    4.3365304e+08   0.000000e+00   6.448277e+07   2482s
  994835    4.3411450e+08   0.000000e+00   6.315388e+07   2486s
  997838    4.3468568e+08   0.000000e+00   6.451651e+07   2491s
 1000622    4.3510110e+08   0.000000e+00   6.384896e+07   2496s
 1003625    4.3569308e+08   0.000000e+00   6.309252e+07   2500s
 1007629    4.3620362e+08   0.000000e+00   6.238585e+07   2507s
 1010413    4.3693327e+08   0.000000e+00   6.381683e+07   2511s
 1013416    4.3743519e+08   0.000000e+00   6.370727e+07   2516s
 1016200    4.3772996e+08   0.000000e+00   4.491663e+07   2520s
 1020204    4.3852293e+08   0.000000e+00   4.361167e+07   2526s
 1023207    4.3905326e+08   0.000000e+00   4.229633e+07   2530s
 1026210    4.3938371e+08   0.000000e+00   4.269603e+07   2535s
 1028994    4.4004783e+08   0.000000e+00   3.233367e+07   2541s
 1031997    4.4037806e+08   0.000000e+00   3.103651e+07   2547s
 1033999    4.4090067e+08   0.000000e+00   3.088184e+07   2551s
 1037002    4.4153113e+08   0.000000e+00   3.062257e+07   2556s
 1040005    4.4206022e+08   0.000000e+00   3.051781e+07   2561s
 1043008    4.4265114e+08   0.000000e+00   3.575190e+07   2566s
 1045010    4.4295460e+08   0.000000e+00   3.582299e+07   2570s
 1048013    4.4344477e+08   0.000000e+00   3.547529e+07   2575s
 1051016    4.4412565e+08   0.000000e+00   3.547612e+07   2580s
 1054019    4.4483156e+08   0.000000e+00   3.545072e+07   2586s
 1056827    4.4535461e+08   0.000000e+00   3.513091e+07   2592s
 1059830    4.4619115e+08   0.000000e+00   3.122305e+07   2596s
 1064835    4.4791449e+08   0.000000e+00   3.109106e+07   2601s
 1069840    4.4957311e+08   0.000000e+00   3.112476e+07   2606s
 1071842    4.4998452e+08   0.000000e+00   3.043754e+07   2610s
 1075627    4.5050838e+08   0.000000e+00   3.069000e+07   2617s
 1077410    4.5070221e+08   0.000000e+00   3.581274e+07   2621s
 1080194    4.5117592e+08   0.000000e+00   2.998310e+07   2627s
 1082196    4.5134873e+08   0.000000e+00   3.053069e+07   2631s
 1085199    4.5178683e+08   0.000000e+00   3.043770e+07   2636s
 1087201    4.5203355e+08   0.000000e+00   2.968786e+07   2640s
 1089937    4.5248394e+08   0.000000e+00   3.268405e+07   2646s
 1092940    4.5322604e+08   0.000000e+00   3.051699e+07   2652s
 1094504    4.5351724e+08   0.000000e+00   3.466855e+07   2656s
 1096287    4.5388407e+08   0.000000e+00   3.700575e+07   2661s
 1098852    4.5413926e+08   0.000000e+00   7.090270e+07   2666s
 1100854    4.5453956e+08   0.000000e+00   7.164967e+07   2670s
 1103857    4.5510679e+08   0.000000e+00   7.137527e+07   2677s
 1105859    4.5540329e+08   0.000000e+00   7.088847e+07   2681s
 1108455    4.5589471e+08   0.000000e+00   6.544993e+07   2687s
 1110457    4.5637329e+08   0.000000e+00   6.623565e+07   2690s
 1113022    4.5682363e+08   0.000000e+00   6.612795e+07   2696s
 1116024    4.5749884e+08   0.000000e+00   6.754232e+07   2702s
 1118026    4.5783784e+08   0.000000e+00   6.781895e+07   2705s
 1122030    4.5903847e+08   0.000000e+00   6.698624e+07   2711s
 1124032    4.5941166e+08   0.000000e+00   6.453520e+07   2716s
 1126034    4.5967383e+08   0.000000e+00   6.459366e+07   2721s
 1129037    4.6041671e+08   0.000000e+00   6.487670e+07   2727s
 1131039    4.6068086e+08   0.000000e+00   6.347203e+07   2732s
 1133041    4.6102207e+08   0.000000e+00   6.368741e+07   2737s
 1135043    4.6123793e+08   0.000000e+00   6.578531e+07   2742s
 1137045    4.6161525e+08   0.000000e+00   6.391495e+07   2747s
 1138828    4.6190872e+08   0.000000e+00   6.305745e+07   2752s
 1140611    4.6219797e+08   0.000000e+00   6.285209e+07   2756s
 1143395    4.6269099e+08   0.000000e+00   6.705481e+07   2762s
 1144989    4.6277665e+08   0.000000e+00   6.988413e+07   2766s
 1146836    4.6302198e+08   0.000000e+00   6.815951e+07   2771s
 1148838    4.6319792e+08   0.000000e+00   7.742015e+07   2776s
 1150522    4.6348037e+08   0.000000e+00   5.105634e+07   2781s
 1152244    4.6378416e+08   0.000000e+00   4.947608e+07   2787s
 1153026    4.6391610e+08   0.000000e+00   4.493526e+07   2790s
 1154809    4.6429416e+08   0.000000e+00   3.803880e+07   2795s
 1156790    4.6459698e+08   0.000000e+00   3.771121e+07   2800s
 1158792    4.6479305e+08   0.000000e+00   3.746444e+07   2806s
 1160794    4.6499195e+08   0.000000e+00   3.756174e+07   2810s
 1162765    4.6527836e+08   0.000000e+00   3.860987e+07   2816s
 1164767    4.6557684e+08   0.000000e+00   3.855328e+07   2821s
 1166550    4.6591807e+08   0.000000e+00   3.868870e+07   2826s
 1168468    4.6609469e+08   0.000000e+00   3.877810e+07   2831s
 1170469    4.6634656e+08   0.000000e+00   3.772122e+07   2837s
 1172471    4.6663795e+08   0.000000e+00   3.757439e+07   2843s
 1173472    4.6681242e+08   0.000000e+00   3.832357e+07   2845s
 1175474    4.6704985e+08   0.000000e+00   3.834410e+07   2851s
 1177820    4.6732335e+08   0.000000e+00   4.368894e+09   2856s
 1180166    4.6753453e+08   0.000000e+00   1.421121e+10   2861s
 1183513    4.6787053e+08   0.000000e+00   1.247861e+10   2866s
 1185859    4.6811996e+08   0.000000e+00   8.999151e+09   2870s
 1189206    4.6833330e+08   0.000000e+00   2.225160e+10   2876s
 1191976    4.6858774e+08   0.000000e+00   6.399208e+09   2880s
 1195542    4.6893044e+08   0.000000e+00   5.481371e+10   2886s
 1200328    4.6927290e+08   0.000000e+00   5.298619e+10   2891s
 1204113    4.6966505e+08   0.000000e+00   6.025673e+09   2896s
 1207682    4.6988459e+08   0.000000e+00   5.046898e+09   2901s
 1210466    4.7005996e+08   0.000000e+00   5.522501e+09   2905s
 1214470    4.7036413e+08   0.000000e+00   5.814627e+09   2910s
 1219198    4.7074200e+08   0.000000e+00   4.410192e+09   2916s
 1223202    4.7103845e+08   0.000000e+00   4.124576e+09   2921s
 1227206    4.7144608e+08   0.000000e+00   4.084157e+09   2926s
 1231210    4.7180726e+08   0.000000e+00   4.125826e+09   2931s
 1235214    4.7212786e+08   0.000000e+00   4.044523e+09   2936s
 1239218    4.7245470e+08   0.000000e+00   3.958241e+09   2941s
 1242221    4.7277530e+08   0.000000e+00   4.010735e+09   2946s
 1246225    4.7311723e+08   0.000000e+00   4.296650e+09   2950s
 1249228    4.7338738e+08   0.000000e+00   5.142639e+09   2955s
 1253232    4.7374683e+08   0.000000e+00   5.268429e+09   2961s
 1256224    4.7404163e+08   0.000000e+00   5.944298e+09   2966s
 1258682    4.7416041e+08   0.000000e+00   4.253551e+09   2971s
 1261685    4.7458497e+08   0.000000e+00   5.997368e+09   2976s
 1265689    4.7486267e+08   0.000000e+00   6.947359e+09   2981s
 1268692    4.7516571e+08   0.000000e+00   6.858997e+09   2986s
 1271695    4.7550903e+08   0.000000e+00   6.859831e+09   2990s
 1275699    4.7607518e+08   0.000000e+00   8.063157e+09   2995s
 1279703    4.7661947e+08   0.000000e+00   8.063518e+09   3000s
 1283707    4.7710820e+08   0.000000e+00   7.789193e+09   3007s
 1285709    4.7729131e+08   0.000000e+00   7.789812e+09   3010s
 1289494    4.7758638e+08   0.000000e+00   7.872912e+09   3016s
 1291058    4.7770219e+08   0.000000e+00   2.269685e+09   3021s
 1294061    4.7799273e+08   0.000000e+00   2.181759e+09   3026s
 1298065    4.7841994e+08   0.000000e+00   2.058472e+09   3032s
 1301068    4.7875758e+08   0.000000e+00   2.203229e+09   3036s
 1303852    4.7903464e+08   0.000000e+00   2.214625e+09   3041s
 1306855    4.7928205e+08   0.000000e+00   2.603289e+09   3045s
 1309858    4.7956500e+08   0.000000e+00   2.485176e+09   3051s
 1312861    4.7985991e+08   0.000000e+00   1.738127e+09   3056s
 1315864    4.8016210e+08   0.000000e+00   1.824618e+09   3061s
 1318867    4.8052024e+08   0.000000e+00   1.538948e+09   3066s
 1321213    4.8067941e+08   0.000000e+00   1.711606e+09   3071s
 1324216    4.8098335e+08   0.000000e+00   3.316996e+08   3076s
 1327219    4.8131251e+08   0.000000e+00   2.997168e+08   3081s
 1330222    4.8165631e+08   0.000000e+00   7.443423e+07   3087s
 1332660    4.8186688e+08   0.000000e+00   1.063871e+08   3092s
 1334662    4.8203621e+08   0.000000e+00   3.139878e+08   3096s
 1337665    4.8229961e+08   0.000000e+00   7.686439e+07   3101s
 1340449    4.8250038e+08   0.000000e+00   1.050385e+10   3106s
 1343452    4.8286182e+08   0.000000e+00   1.067396e+10   3111s
 1349458    4.8300731e+08   0.000000e+00   1.072234e+10   3116s
 1352242    4.8328302e+08   0.000000e+00   1.070947e+10   3120s
 1357247    4.8346675e+08   0.000000e+00   1.165765e+10   3126s
 1360250    4.8360752e+08   0.000000e+00   1.081009e+10   3130s
 1363253    4.8378782e+08   0.000000e+00   9.944206e+09   3136s
 1366256    4.8393766e+08   0.000000e+00   9.314860e+09   3141s
 1369259    4.8408253e+08   0.000000e+00   8.692834e+09   3147s
 1371042    4.8418544e+08   0.000000e+00   1.174871e+08   3150s
 1373607    4.8431609e+08   0.000000e+00   7.533045e+07   3156s
 1375608    4.8441728e+08   0.000000e+00   1.056039e+08   3161s
 1378611    4.8458252e+08   0.000000e+00   9.940133e+08   3167s
 1380613    4.8467403e+08   0.000000e+00   1.777357e+09   3171s
 1382615    4.8478882e+08   0.000000e+00   1.475291e+09   3176s
 1385618    4.8494400e+08   0.000000e+00   1.664660e+09   3182s
 1387620    4.8502113e+08   0.000000e+00   1.463177e+09   3185s
 1389622    4.8513624e+08   0.000000e+00   1.585796e+09   3190s
 1392406    4.8544686e+08   0.000000e+00   1.618973e+09   3196s
 1394408    4.8554273e+08   0.000000e+00   2.095099e+09   3200s
 1397411    4.8573371e+08   0.000000e+00   2.162672e+09   3205s
 1399889    4.8586338e+08   0.000000e+00   3.813704e+08   3212s
 1401542    4.8594812e+08   0.000000e+00   8.143577e+07   3216s
 1403888    4.8621821e+08   0.000000e+00   5.718470e+07   3221s
 1405452    4.8636113e+08   0.000000e+00   8.254588e+07   3226s
 1409202    4.8659010e+08   0.000000e+00   1.418311e+08   3230s
 1412856    4.8676898e+08   0.000000e+00   1.398341e+08   3235s
 1416641    4.8706621e+08   0.000000e+00   4.320609e+07   3241s
 1420079    4.8738426e+08   0.000000e+00   1.524396e+08   3246s
 1422863    4.8750280e+08   0.000000e+00   1.627845e+08   3251s
 1426867    4.8783959e+08   0.000000e+00   1.421510e+08   3256s
 1429651    4.8798854e+08   0.000000e+00   1.402797e+08   3260s
 1433655    4.8835786e+08   0.000000e+00   1.298086e+08   3266s
 1436858    4.8859467e+08   0.000000e+00   1.242185e+08   3272s
 1439861    4.8885186e+08   0.000000e+00   9.533315e+07   3276s
 1442864    4.8899556e+08   0.000000e+00   9.038275e+07   3281s
 1446649    4.8940927e+08   0.000000e+00   4.544770e+08   3286s
 1449421    4.8951815e+08   0.000000e+00   5.561533e+08   3291s
 1452205    4.8966057e+08   0.000000e+00   3.796538e+08   3295s
 1456209    4.8993319e+08   0.000000e+00   3.732506e+08   3301s
 1458879    4.9010274e+08   0.000000e+00   2.750404e+08   3306s
 1461444    4.9026905e+08   0.000000e+00   5.914745e+08   3310s
 1464215    4.9046795e+08   0.000000e+00   6.275223e+08   3315s
 1465670    4.9052698e+08   0.000000e+00   6.242029e+08   3321s
 1468454    4.9071333e+08   0.000000e+00   7.113903e+08   3325s
 1471019    4.9084546e+08   0.000000e+00   7.021534e+08   3332s
 1473021    4.9094640e+08   0.000000e+00   7.024991e+08   3336s
 1476024    4.9104495e+08   0.000000e+00   6.979741e+08   3340s
 1480028    4.9124606e+08   0.000000e+00   6.976346e+08   3347s
 1482030    4.9133314e+08   0.000000e+00   6.947230e+08   3350s
 1484595    4.9155233e+08   0.000000e+00   1.236403e+08   3357s
 1486597    4.9172637e+08   0.000000e+00   6.168249e+07   3360s
 1489381    4.9182189e+08   0.000000e+00   1.335174e+08   3365s
 1492384    4.9191079e+08   0.000000e+00   1.449687e+08   3371s
 1494386    4.9198393e+08   0.000000e+00   1.560473e+08   3375s
 1497170    4.9204902e+08   0.000000e+00   1.523546e+08   3381s
 1499172    4.9211403e+08   0.000000e+00   1.899597e+08   3385s
 1501737    4.9221724e+08   0.000000e+00   1.931457e+09   3392s
 1502507    4.9224289e+08   0.000000e+00   3.118937e+08   3396s
 1504071    4.9230835e+08   0.000000e+00   6.826541e+07   3402s
 1506073    4.9234538e+08   0.000000e+00   6.744354e+07   3406s
 1507856    4.9240209e+08   0.000000e+00   6.389885e+07   3410s
 1510640    4.9246811e+08   0.000000e+00   6.971724e+07   3417s
 1512324    4.9250736e+08   0.000000e+00   7.841429e+07   3421s
 1515108    4.9256540e+08   0.000000e+00   7.011219e+07   3426s
 1516672    4.9277774e+08   0.000000e+00   2.987165e+07   3431s
 1519018    4.9303594e+08   0.000000e+00   1.108316e+08   3437s
 1521404    4.9334185e+08   0.000000e+00   8.587234e+08   3441s
 1522968    4.9350020e+08   0.000000e+00   3.071516e+08   3445s
 1525314    4.9373680e+08   0.000000e+00   2.250942e+08   3451s
 1528098    4.9385097e+08   0.000000e+00   6.149697e+08   3456s
 1530839    4.9393947e+08   0.000000e+00   6.045012e+08   3461s
 1533404    4.9401245e+08   0.000000e+00   2.828811e+08   3465s
 1535969    4.9410837e+08   0.000000e+00   2.849082e+08   3471s
 1538753    4.9432279e+08   0.000000e+00   1.634331e+08   3476s
 1541756    4.9453509e+08   0.000000e+00   1.708384e+08   3481s
 1544540    4.9465463e+08   0.000000e+00   9.482863e+08   3486s
 1547324    4.9481286e+08   0.000000e+00   9.904134e+08   3491s
 1550015    4.9498053e+08   0.000000e+00   1.150846e+09   3497s
 1552947    4.9517322e+08   0.000000e+00   2.414530e+08   3502s
 1555950    4.9527391e+08   0.000000e+00   7.983372e+08   3506s
 1558515    4.9559716e+08   0.000000e+00   1.020894e+09   3511s
 1561299    4.9573706e+08   0.000000e+00   1.123985e+09   3516s
 1564221    4.9586774e+08   0.000000e+00   1.001092e+09   3521s
 1566873    4.9621061e+08   0.000000e+00   1.177414e+09   3527s
 1568875    4.9628062e+08   0.000000e+00   1.179118e+09   3531s
 1571878    4.9652602e+08   0.000000e+00   1.164442e+09   3535s
 1574224    4.9681001e+08   0.000000e+00   3.625981e+08   3541s
 1576570    4.9696138e+08   0.000000e+00   5.074219e+08   3546s
 1578916    4.9714301e+08   0.000000e+00   2.692258e+08   3551s
 1582258    4.9788256e+08   0.000000e+00   3.270164e+09   3556s
 1585487    4.9816163e+08   0.000000e+00   3.281775e+09   3561s
 1588490    4.9834106e+08   0.000000e+00   3.300303e+09   3566s
 1591493    4.9853898e+08   0.000000e+00   3.307221e+09   3571s
 1594141    4.9878451e+08   0.000000e+00   3.315102e+09   3576s
 1596925    4.9895220e+08   0.000000e+00   1.603223e+09   3581s
 1599928    4.9914320e+08   0.000000e+00   1.698375e+09   3585s
 1602910    4.9923608e+08   0.000000e+00   1.705355e+09   3591s
 1605913    4.9936938e+08   0.000000e+00   1.715946e+09   3596s
 1608916    4.9944586e+08   0.000000e+00   1.719505e+09   3602s
 1610480    4.9975923e+08   0.000000e+00   7.159057e+07   3606s
 1612826    5.0014681e+08   0.000000e+00   1.998871e+07   3611s
 1615172    5.0050563e+08   0.000000e+00   8.558705e+06   3616s
 1617956    5.0061222e+08   0.000000e+00   8.540688e+06   3620s
 1621522    5.0084632e+08   0.000000e+00   3.187113e+07   3626s
 1624087    5.0099303e+08   0.000000e+00   3.083409e+07   3631s
 1626825    5.0111145e+08   0.000000e+00   1.984255e+07   3636s
 1629710    5.0126797e+08   0.000000e+00   1.681741e+07   3641s
 1632275    5.0151544e+08   0.000000e+00   8.434334e+06   3647s
 1633839    5.0184169e+08   0.000000e+00   6.538097e+07   3651s
 1635403    5.0214876e+08   0.000000e+00   7.833427e+07   3655s
 1637974    5.0240594e+08   0.000000e+00   3.185684e+07   3660s
 1641263    5.0267948e+08   0.000000e+00   8.584362e+07   3666s
 1643265    5.0292206e+08   0.000000e+00   3.324446e+07   3670s
 1645842    5.0304314e+08   0.000000e+00   2.805968e+07   3675s
 1648188    5.0350321e+08   0.000000e+00   1.837174e+07   3681s
 1650534    5.0372568e+08   0.000000e+00   6.283642e+06   3686s
 1652098    5.0376308e+08   0.000000e+00   5.291946e+06   3690s
 1654479    5.0391058e+08   0.000000e+00   5.329368e+06   3695s
 1656825    5.0416602e+08   0.000000e+00   5.702305e+06   3703s
 1657607    5.0429149e+08   0.000000e+00   5.439386e+06   3705s
 1660071    5.0452489e+08   0.000000e+00   5.958230e+06   3711s
 1662853    5.0465523e+08   0.000000e+00   5.077297e+06   3717s
 1664636    5.0468510e+08   0.000000e+00   4.176639e+06   3721s
 1666200    5.0473438e+08   0.000000e+00   5.240846e+06   3727s
 1668546    5.0479817e+08   0.000000e+00   2.231617e+07   3732s
 1670110    5.0484476e+08   0.000000e+00   1.186238e+07   3735s
 1672675    5.0492075e+08   0.000000e+00   8.947239e+06   3740s
 1675459    5.0497270e+08   0.000000e+00   1.318450e+07   3746s
 1677242    5.0499590e+08   0.000000e+00   1.509338e+07   3750s
 1681246    5.0507034e+08   0.000000e+00   1.002228e+07   3756s
 1682810    5.0510484e+08   0.000000e+00   1.782801e+07   3761s
 1684374    5.0511844e+08   0.000000e+00   4.200928e+06   3766s
 1685938    5.0514683e+08   0.000000e+00   2.975001e+06   3770s
 1688503    5.0518246e+08   0.000000e+00   2.184760e+06   3776s
 1691031    5.0521248e+08   0.000000e+00   1.000865e+08   3781s
 1692595    5.0522451e+08   0.000000e+00   5.529563e+06   3786s
 1694941    5.0526864e+08   0.000000e+00   2.026100e+06   3791s
 1696838    5.0529163e+08   0.000000e+00   2.525784e+06   3795s
 1699235    5.0532447e+08   0.000000e+00   1.422685e+06   3801s
 1701018    5.0534044e+08   0.000000e+00   2.094334e+06   3805s
 1706023    5.0540946e+08   0.000000e+00   1.299695e+06   3811s
 1710027    5.0545261e+08   0.000000e+00   1.172424e+06   3816s
 1713919    5.0549937e+08   0.000000e+00   1.308797e+06   3820s
 1716922    5.0553784e+08   0.000000e+00   1.936248e+06   3826s
 1719925    5.0557722e+08   0.000000e+00   4.214961e+06   3831s
 1723929    5.0562997e+08   0.000000e+00   4.077440e+06   3837s
 1727933    5.0566812e+08   0.000000e+00   4.131922e+06   3841s
 1731937    5.0569992e+08   0.000000e+00   3.961899e+06   3846s
 1734721    5.0571988e+08   0.000000e+00   2.668624e+06   3850s
 1738725    5.0575216e+08   0.000000e+00   1.567580e+06   3856s
 1742729    5.0577493e+08   0.000000e+00   1.486200e+06   3861s
 1746733    5.0579702e+08   0.000000e+00   1.401180e+06   3867s
 1748297    5.0581026e+08   0.000000e+00   7.129921e+06   3871s
 1750676    5.0583045e+08   0.000000e+00   1.320858e+06   3875s
 1753022    5.0584616e+08   0.000000e+00   4.522107e+05   3880s
 1756652    5.0586418e+08   0.000000e+00   1.643714e+06   3886s
 1758998    5.0587885e+08   0.000000e+00   2.953506e+05   3892s
 1760781    5.0589036e+08   0.000000e+00   1.341154e+06   3897s
 1762345    5.0589741e+08   0.000000e+00   4.426628e+05   3901s
 1766349    5.0591986e+08   0.000000e+00   2.714509e+05   3906s
 1769352    5.0593591e+08   0.000000e+00   8.434511e+04   3911s
 1771917    5.0594801e+08   0.000000e+00   1.401412e+05   3916s
 1776922    5.0596619e+08   0.000000e+00   6.307143e+04   3921s
 1781927    5.0598110e+08   0.000000e+00   3.532599e+04   3925s
 1786932    5.0599109e+08   0.000000e+00   2.063790e+04   3931s
 1791937    5.0599917e+08   0.000000e+00   3.509673e+03   3936s
 1796942    5.0600425e+08   0.000000e+00   8.844224e+01   3941s
 1801016    5.0600468e+08   0.000000e+00   0.000000e+00   3947s

Solved in 1801016 iterations and 3947.23 seconds (9166.98 work units)
Optimal objective  5.060046798e+08
