
Gurobi 13.0.1 (win64) logging started Sun Sep 27 21:45:31 2026

Set parameter LogFile to value "C:/Users/omkarp/Downloads/Large-scale-LBBD-Optimization/runs/2026-09-25_130129_full_with_redirection_LBBD_withPV_withBESS/logs/lbbd_linked_annual_lp_002_core.log"
Set parameter Method to value 1
Gurobi Optimizer version 13.0.1 build v13.0.1rc0 (win64 - Windows 11+.0 (26200.2))

CPU model: Intel(R) Xeon(R) w5-2465X, instruction set [SSE2|AVX|AVX2|AVX512]
Thread count: 16 physical cores, 32 logical processors, using up to 2 threads

Non-default parameters:
TimeLimit  86400
SoftMemLimit  180
Method  1
Heuristics  0.25
NodefileStart  0.5
PumpPasses  20
StartNodeLimit  5000
StartTimeLimit  7200
SubMIPNodes  3000
Cuts  1
AggFill  0
NumericFocus  1
QCPDual  1
Presolve  2
PreSparsify  1
Threads  2
ImproveStartGap  0.1

Optimize a model with 11486296 rows, 12772030 columns and 67908680 nonzeros (Max)
Model fingerprint: 0x72769761
Model has 6038902 linear objective coefficients
Coefficient statistics:
  Matrix range     [4e-05, 2e+03]
  Objective range  [6e-01, 6e+05]
  Bounds range     [1e+00, 1e+03]
  RHS range        [2e-02, 1e+03]

Presolve removed 7716341 rows and 8353904 columns (presolve time = 5s)...
Presolve removed 8297366 rows and 8625498 columns (presolve time = 10s)...
Presolve removed 8516906 rows and 8625498 columns (presolve time = 16s)...
Presolve removed 8680070 rows and 8919252 columns (presolve time = 20s)...
Presolve removed 8682013 rows and 8921753 columns (presolve time = 25s)...
Presolve removed 8682629 rows and 8921785 columns
Presolve time: 29.17s
Presolved: 2803667 rows, 3850245 columns, 13154066 nonzeros

Iteration    Objective       Primal Inf.    Dual Inf.      Time
       0    2.2334593e+12   8.401992e+06   0.000000e+00     32s
    9009    1.5098602e+12   6.222740e+06   0.000000e+00     35s
   25025    1.1798779e+12   5.362425e+06   0.000000e+00     40s
   42042    1.0439262e+12   4.790939e+06   0.000000e+00     45s
   58058    9.5192985e+11   4.484512e+06   0.000000e+00     50s
   74074    8.5341500e+11   4.071111e+06   0.000000e+00     55s
   90090    8.0185186e+11   4.089131e+06   0.000000e+00     60s
  105105    7.5188688e+11   4.105279e+06   0.000000e+00     65s
  119119    7.2257179e+11   4.176083e+06   0.000000e+00     70s
  132132    6.8848236e+11   4.286807e+06   0.000000e+00     75s
  146146    6.4031887e+11   4.409295e+06   0.000000e+00     80s
  158158    6.1774353e+11   4.435256e+06   0.000000e+00     85s
  170170    5.9216255e+11   4.446231e+06   0.000000e+00     90s
  182182    5.6323070e+11   4.561074e+06   0.000000e+00     95s
  194194    5.2816396e+11   4.634815e+06   0.000000e+00    100s
  206206    5.0190891e+11   4.742450e+06   0.000000e+00    105s
  217217    4.7879906e+11   4.700975e+06   0.000000e+00    110s
  228228    4.6360742e+11   4.753591e+06   0.000000e+00    115s
  239239    4.4867431e+11   4.834800e+06   0.000000e+00    120s
  249249    4.3744380e+11   4.846252e+06   0.000000e+00    125s
  260260    4.0944318e+11   4.793386e+06   0.000000e+00    130s
  270270    3.9638502e+11   4.811516e+06   0.000000e+00    135s
  280280    3.8636533e+11   4.787382e+06   0.000000e+00    140s
  290290    3.7146409e+11   4.750099e+06   0.000000e+00    145s
  300300    3.4327738e+11   4.591861e+06   0.000000e+00    150s
  310310    3.2177800e+11   4.469926e+06   0.000000e+00    155s
  320320    3.0871551e+11   4.493073e+06   0.000000e+00    160s
  330330    2.7799206e+11   4.343155e+06   0.000000e+00    165s
  340340    2.5968079e+11   4.287269e+06   0.000000e+00    170s
  350350    2.4308098e+11   4.134465e+06   0.000000e+00    175s
  360360    2.2710976e+11   4.003463e+06   0.000000e+00    180s
  370370    2.2553647e+11   4.105975e+06   0.000000e+00    185s
  380380    2.0325669e+11   4.030108e+06   0.000000e+00    190s
  391391    1.9314369e+11   3.997862e+06   0.000000e+00    195s
  400400    1.7559534e+11   3.917301e+06   0.000000e+00    200s
  410410    1.5797737e+11   3.729256e+06   0.000000e+00    205s
  419419    1.4957925e+11   3.576841e+06   0.000000e+00    210s
  429429    1.4675761e+11   3.557665e+06   0.000000e+00    215s
  439439    1.4462694e+11   3.610092e+06   0.000000e+00    220s
  449449    1.2129996e+11   3.549322e+06   0.000000e+00    225s
  459459    1.0422084e+11   3.422436e+06   0.000000e+00    230s
  469469    1.0355120e+11   3.472469e+06   0.000000e+00    235s
  478478    9.2441045e+10   3.427672e+06   0.000000e+00    240s
  487487    7.9987233e+10   3.240247e+06   0.000000e+00    245s
  497497    7.3563328e+10   3.125542e+06   0.000000e+00    250s
  506506    6.8422611e+10   3.006504e+06   0.000000e+00    255s
  516516    6.5769746e+10   2.976010e+06   0.000000e+00    260s
  525525    6.1906790e+10   2.903144e+06   0.000000e+00    265s
  535535    5.8055361e+10   2.863887e+06   0.000000e+00    270s
  545545    5.5426923e+10   2.797446e+06   0.000000e+00    275s
  557557    5.5426909e+10   2.749708e+06   0.000000e+00    280s
  568568    5.5426896e+10   2.707530e+06   0.000000e+00    285s
  580580    5.5426875e+10   2.658242e+06   0.000000e+00    290s
  591591    5.5426823e+10   2.614185e+06   0.000000e+00    295s
  600600    5.3661163e+10   2.622546e+06   0.000000e+00    300s
  610610    4.9719271e+10   2.547986e+06   0.000000e+00    305s
  619619    4.8241487e+10   2.485351e+06   0.000000e+00    310s
  628628    4.6998004e+10   2.477869e+06   0.000000e+00    315s
  638638    4.2199350e+10   2.414895e+06   0.000000e+00    320s
  647647    3.9695386e+10   2.400715e+06   0.000000e+00    325s
  655655    3.4470000e+10   2.346478e+06   0.000000e+00    330s
  664664    3.1189056e+10   2.236681e+06   0.000000e+00    335s
  672672    3.0880121e+10   2.247225e+06   0.000000e+00    340s
  680680    3.0214394e+10   2.184490e+06   0.000000e+00    345s
  689689    2.9116237e+10   2.132881e+06   0.000000e+00    350s
  697697    2.7952322e+10   2.092820e+06   0.000000e+00    355s
  706706    2.6627414e+10   2.036376e+06   0.000000e+00    360s
  714714    2.6434744e+10   2.047098e+06   0.000000e+00    366s
  722722    2.6014872e+10   2.027449e+06   0.000000e+00    370s
  730730    2.3615402e+10   1.941754e+06   0.000000e+00    375s
  739739    2.1424692e+10   1.889682e+06   0.000000e+00    380s
  749749    2.1385555e+10   1.894808e+06   0.000000e+00    386s
  758758    1.8320685e+10   1.821456e+06   0.000000e+00    390s
  766766    1.5710113e+10   1.813847e+06   0.000000e+00    395s
  774774    1.4273416e+10   1.758928e+06   0.000000e+00    400s
  782782    1.2469361e+10   1.673271e+06   0.000000e+00    405s
  790790    1.1657341e+10   1.601383e+06   0.000000e+00    411s
  799799    1.0484433e+10   1.548195e+06   0.000000e+00    415s
  807807    1.0471922e+10   1.565426e+06   0.000000e+00    420s
  816816    1.0469343e+10   1.589738e+06   0.000000e+00    425s
  823823    9.4369222e+09   1.541437e+06   0.000000e+00    430s
  831831    9.1528275e+09   1.520095e+06   0.000000e+00    435s
  839839    8.4101080e+09   1.470818e+06   0.000000e+00    440s
  847847    7.8174833e+09   1.403820e+06   0.000000e+00    445s
  855855    7.4780280e+09   1.403088e+06   0.000000e+00    450s
  863863    5.8120077e+09   1.325905e+06   0.000000e+00    455s
  871871    5.8099314e+09   1.358343e+06   0.000000e+00    461s
  879879    5.8080867e+09   1.363829e+06   0.000000e+00    465s
  887887    5.4871061e+09   1.359595e+06   0.000000e+00    470s
  895895    5.2782840e+09   1.318211e+06   0.000000e+00    476s
  903903    4.8769914e+09   1.282690e+06   0.000000e+00    480s
  910910    4.7783809e+09   1.221133e+06   0.000000e+00    485s
  918918    4.6705486e+09   1.215909e+06   0.000000e+00    491s
  925925    4.4869270e+09   1.137303e+06   0.000000e+00    495s
  934934    4.2171686e+09   1.109171e+06   0.000000e+00    500s
  942942    4.2156740e+09   1.122741e+06   0.000000e+00    506s
  949949    4.2142124e+09   1.144704e+06   0.000000e+00    510s
  958958    4.2120309e+09   1.133276e+06   0.000000e+00    516s
  965965    3.8588900e+09   1.094803e+06   0.000000e+00    520s
  973973    3.5987807e+09   1.048046e+06   0.000000e+00    525s
  981981    3.5976503e+09   1.004097e+06   0.000000e+00    530s
  989989    3.5153178e+09   9.531319e+05   0.000000e+00    535s
  996996    3.3606702e+09   9.253809e+05   0.000000e+00    540s
 1005004    3.2851745e+09   8.853257e+05   0.000000e+00    545s
 1013012    3.1382720e+09   8.491654e+05   0.000000e+00    550s
 1022021    3.1368261e+09   8.569573e+05   0.000000e+00    556s
 1030029    3.1354489e+09   8.582576e+05   0.000000e+00    560s
 1038037    2.7148154e+09   7.977643e+05   0.000000e+00    566s
 1046045    2.5812724e+09   7.721613e+05   0.000000e+00    570s
 1054053    2.5175125e+09   7.247763e+05   0.000000e+00    576s
 1062061    2.2708338e+09   6.718061e+05   0.000000e+00    581s
 1069068    2.0932242e+09   6.614516e+05   0.000000e+00    585s
 1078077    2.0372526e+09   6.077503e+05   0.000000e+00    590s
 1086085    1.7657978e+09   5.842048e+05   0.000000e+00    595s
 1094093    1.7648655e+09   5.806680e+05   0.000000e+00    601s
 1102101    1.7638455e+09   5.880688e+05   0.000000e+00    605s
 1110109    1.7110162e+09   5.644250e+05   0.000000e+00    610s
 1118117    1.3104715e+09   5.223954e+05   0.000000e+00    615s
 1126125    1.3099852e+09   4.899821e+05   0.000000e+00    620s
 1134133    1.0797596e+09   4.525634e+05   0.000000e+00    625s
 1142141    1.0794059e+09   4.189314e+05   0.000000e+00    630s
 1150149    9.9490090e+08   3.969377e+05   0.000000e+00    635s
 1159158    8.7102231e+08   3.472605e+05   0.000000e+00    640s
 1167166    7.5966285e+08   3.238615e+05   0.000000e+00    645s
 1176175    7.5899095e+08   3.255161e+05   0.000000e+00    650s
 1184183    7.5825233e+08   3.262826e+05   0.000000e+00    655s
 1193192    7.5750195e+08   3.246405e+05   0.000000e+00    660s
 1201200    6.8761776e+08   3.053017e+05   0.000000e+00    665s
 1210209    6.8725925e+08   2.610203e+05   0.000000e+00    671s
 1218217    6.5677041e+08   2.410046e+05   0.000000e+00    675s
 1226225    5.7223525e+08   2.115894e+05   0.000000e+00    680s
 1235234    5.7194718e+08   1.793792e+05   0.000000e+00    685s
 1243242    5.7172050e+08   1.585737e+05   0.000000e+00    690s
 1252251    5.5050586e+08   1.298595e+05   0.000000e+00    695s
 1261260    5.5028368e+08   1.068211e+05   0.000000e+00    700s
 1270269    5.3276316e+08   8.626687e+04   0.000000e+00    705s
 1279278    5.3258420e+08   6.755309e+04   0.000000e+00    710s
 1288287    5.1991898e+08   5.181013e+04   0.000000e+00    715s
 1297296    5.1979522e+08   3.911789e+04   0.000000e+00    720s
 1307306    5.1039276e+08   2.603179e+04   0.000000e+00    725s
 1316315    5.1030084e+08   1.767387e+04   0.000000e+00    730s
 1326325    5.0468007e+08   1.052581e+04   0.000000e+00    735s
 1335334    5.0463766e+08   5.780951e+03   0.000000e+00    740s
 1345344    5.0270055e+08   2.544410e+03   0.000000e+00    745s
 1355354    5.0268532e+08   1.175022e+03   0.000000e+00    750s
 1365364    5.0268470e+08   1.025239e+03   0.000000e+00    755s
 1376375    5.0268470e+08   8.808113e+02   0.000000e+00    760s
 1386385    5.0268470e+08   7.556863e+02   0.000000e+00    765s
 1397396    5.0268470e+08   6.180650e+02   0.000000e+00    770s
 1407406    5.0268299e+08   1.067142e+03   0.000000e+00    775s
 1417416    5.0267893e+08   1.312521e+00   0.000000e+00    781s
 1417470    5.0267893e+08   0.000000e+00   0.000000e+00    788s

Solved in 1417470 iterations and 788.03 seconds (813.67 work units)
Optimal objective  5.026789341e+08
