
Gurobi 13.0.1 (win64) logging started Fri Sep 25 14:13:19 2026

Set parameter LogFile to value "C:/Users/omkarp/Downloads/Large-scale-LBBD-Optimization/runs/2026-09-25_130129_full_with_redirection_LBBD_withPV_withBESS/logs/lbbd_master_start_bootstrap_001.log"
Set parameter Method to value 1
Gurobi Optimizer version 13.0.1 build v13.0.1rc0 (win64 - Windows 11+.0 (26200.2))

CPU model: Intel(R) Xeon(R) w5-2465X, instruction set [SSE2|AVX|AVX2|AVX512]
Thread count: 16 physical cores, 32 logical processors, using up to 10 threads

Non-default parameters:
TimeLimit  7200
SoftMemLimit  180
Method  1
Heuristics  0.25
NodefileStart  0.5
PumpPasses  20
StartNodeLimit  5000
StartTimeLimit  7200
SubMIPNodes  3000
Cuts  1
AggFill  0
NumericFocus  1
Presolve  2
PreSparsify  1
Threads  10
ImproveStartGap  0.1

Optimize a model with 5177834 rows, 5077082 columns and 15604320 nonzeros (Max)
Model fingerprint: 0x2101398b
Model has 1 linear objective coefficients
Coefficient statistics:
  Matrix range     [6e-01, 6e+05]
  Objective range  [1e+00, 1e+00]
  Bounds range     [1e+00, 1e+00]
  RHS range        [4e-05, 7e+08]

Presolve removed 4417537 rows and 3603383 columns (presolve time = 5s)...
Presolve removed 4417814 rows and 3620421 columns
Presolve time: 7.14s
Presolved: 760020 rows, 1456661 columns, 3824789 nonzeros

Iteration    Objective       Primal Inf.    Dual Inf.      Time
       0    7.4927587e+08   1.194423e+08   0.000000e+00      8s
   25025    7.4927587e+08   2.047660e+07   0.000000e+00     10s
   68068    7.4927587e+08   7.668442e+06   0.000000e+00     15s
  107107    7.4927587e+08   3.347430e+06   0.000000e+00     20s
  146146    7.4927587e+08   1.229259e+06   0.000000e+00     25s
  181181    7.4927587e+08   1.865149e+06   0.000000e+00     30s
  201201    7.4927587e+08   5.055881e+06   0.000000e+00     35s
  202942    7.4927587e+08   5.327458e+06   0.000000e+00     42s
  203072    7.4927587e+08   1.155891e+07   0.000000e+00     45s
  203332    7.4927587e+08   5.872847e+06   0.000000e+00     51s
  203612    7.4927587e+08   1.923970e+06   0.000000e+00     56s
  203882    7.4927587e+08   2.073228e+06   0.000000e+00     62s
  204162    7.4927587e+08   2.736047e+06   0.000000e+00     68s
  204292    7.4927587e+08   2.905620e+06   0.000000e+00     71s
  204572    7.4927587e+08   3.016613e+06   0.000000e+00     76s
  204832    7.4927587e+08   5.872267e+06   0.000000e+00     82s
  205102    7.4927586e+08   5.024994e+06   0.000000e+00     88s
  205242    7.4927586e+08   6.892528e+06   0.000000e+00     91s
  205512    7.4927586e+08   3.437309e+06   0.000000e+00     97s
  205762    7.4927586e+08   2.691038e+07   0.000000e+00    103s
  205902    7.4927586e+08   8.068870e+06   0.000000e+00    106s
  206182    7.4927586e+08   5.897892e+06   0.000000e+00    112s
  206462    7.4927586e+08   1.411044e+07   0.000000e+00    118s
  206602    7.4927586e+08   6.189109e+06   0.000000e+00    121s
  206862    7.4927586e+08   3.059443e+06   0.000000e+00    126s
  207122    7.4927586e+08   2.369295e+06   0.000000e+00    132s
  207392    7.4927586e+08   7.298768e+06   0.000000e+00    138s
  207522    7.4927586e+08   3.328829e+06   0.000000e+00    140s
  207772    7.4927586e+08   1.172323e+07   0.000000e+00    146s
  208032    7.4927586e+08   5.277424e+06   0.000000e+00    152s
  208302    7.4927586e+08   2.521868e+06   0.000000e+00    157s
  208442    7.4927586e+08   1.190902e+07   0.000000e+00    160s
  208702    7.4927586e+08   3.740400e+06   0.000000e+00    166s
  208952    7.4927586e+08   5.334120e+06   0.000000e+00    171s
  209222    7.4927586e+08   1.304656e+07   0.000000e+00    177s
  209492    7.4927586e+08   1.401816e+07   0.000000e+00    183s
  209612    7.4927586e+08   3.055670e+07   0.000000e+00    185s
  209862    7.4927586e+08   1.625792e+07   0.000000e+00    191s
  210132    7.4927586e+08   1.933743e+07   0.000000e+00    197s
  210392    7.4927586e+08   1.501036e+07   0.000000e+00    202s
  210522    7.4927586e+08   2.136559e+07   0.000000e+00    205s
  210772    7.4927586e+08   3.514936e+06   0.000000e+00    211s
  211012    7.4927586e+08   3.632464e+06   0.000000e+00    217s
  211112    7.4927586e+08   5.971095e+06   0.000000e+00    220s
  211322    7.4927586e+08   4.583361e+06   0.000000e+00    226s
  211592    7.4927586e+08   2.773130e+07   0.000000e+00    234s
  211692    7.4927585e+08   4.355546e+06   0.000000e+00    236s
  211912    7.4927585e+08   1.002153e+07   0.000000e+00    242s
  212132    7.4927585e+08   7.835809e+06   0.000000e+00    247s
  212282    7.4927585e+08   9.982519e+06   0.000000e+00    251s
  212502    7.4927585e+08   1.544924e+07   0.000000e+00    257s
  212762    7.4927585e+08   1.200357e+07   0.000000e+00    264s
  212882    7.4927585e+08   2.129351e+07   0.000000e+00    266s
  213132    7.4927585e+08   4.853709e+06   0.000000e+00    273s
  213232    7.4927585e+08   5.343369e+06   0.000000e+00    276s
  213462    7.4927585e+08   2.348378e+07   0.000000e+00    282s
  213682    7.4927585e+08   3.768915e+07   0.000000e+00    287s
  213832    7.4927585e+08   5.820187e+07   0.000000e+00    292s
  214082    7.4927585e+08   5.841945e+07   0.000000e+00    299s
  214232    7.4927585e+08   4.511171e+07   0.000000e+00    303s
  214362    7.4927585e+08   2.521335e+07   0.000000e+00    306s
  214612    7.4927585e+08   3.531846e+07   0.000000e+00    313s
  214712    7.4927585e+08   4.855997e+07   0.000000e+00    316s
  214932    7.4927585e+08   8.604648e+06   0.000000e+00    321s
  215152    7.4927585e+08   2.036239e+07   0.000000e+00    327s
  215362    7.4927584e+08   1.512129e+07   0.000000e+00    333s
  215482    7.4927584e+08   4.886785e+07   0.000000e+00    335s
  215702    7.4927584e+08   4.711985e+07   0.000000e+00    341s
  215942    7.4927584e+08   4.477809e+07   0.000000e+00    347s
  216171    7.4927584e+08   2.245759e+07   0.000000e+00    354s
  216291    7.4927584e+08   6.663403e+06   0.000000e+00    359s
  216411    7.4927584e+08   2.249315e+07   0.000000e+00    363s
  216531    7.4927583e+08   2.600812e+07   0.000000e+00    367s
  216651    7.4927583e+08   5.353992e+07   0.000000e+00    372s
  216771    7.4927583e+08   2.001318e+07   0.000000e+00    376s
  216891    7.4927583e+08   2.219737e+07   0.000000e+00    381s
  217011    7.4927583e+08   1.581078e+07   0.000000e+00    385s
  217251    7.4927582e+08   2.675402e+07   0.000000e+00    394s
  217371    7.4927582e+08   2.162772e+07   0.000000e+00    398s
  217491    7.4927582e+08   4.988679e+06   0.000000e+00    403s
  217611    7.4927582e+08   9.628667e+07   0.000000e+00    407s
  217731    7.4927582e+08   4.632511e+07   0.000000e+00    412s
  217851    7.4927582e+08   1.934457e+07   0.000000e+00    416s
  217971    7.4927582e+08   5.376347e+07   0.000000e+00    421s
  218091    7.4927582e+08   4.372310e+07   0.000000e+00    425s
  218331    7.4927581e+08   8.147512e+06   0.000000e+00    434s
  218451    7.4927581e+08   7.968950e+07   0.000000e+00    439s
  218571    7.4927581e+08   1.014540e+08   0.000000e+00    443s
  218691    7.4927581e+08   2.399526e+07   0.000000e+00    447s
  226253    3.6485679e+08   0.000000e+00   7.080696e+06    450s
  243614    3.7423328e+08   0.000000e+00   6.015259e+06    455s
  264461    3.8120551e+08   0.000000e+00   6.010286e+06    460s
  278296    3.8661566e+08   0.000000e+00   5.780162e+06    465s
  294340    3.9296866e+08   0.000000e+00   7.831465e+06    470s
  300127    3.9470803e+08   0.000000e+00   5.763412e+06    475s
  307070    3.9741473e+08   0.000000e+00   6.535821e+06    480s
  315850    3.9846508e+08   0.000000e+00   1.004340e+07    485s
  322962    3.9990596e+08   0.000000e+00   1.206550e+07    490s
  330090    4.0217746e+08   0.000000e+00   1.123478e+07    495s
  337817    4.0528457e+08   0.000000e+00   1.002914e+07    500s
  345960    4.0923232e+08   0.000000e+00   1.037385e+07    505s
  356323    4.1465471e+08   0.000000e+00   1.200863e+07    510s
  370632    4.2298321e+08   0.000000e+00   1.295276e+07    516s
  375912    4.2475323e+08   0.000000e+00   1.317901e+07    520s
  382027    4.2738842e+08   0.000000e+00   1.337196e+07    526s
  387248    4.3083118e+08   0.000000e+00   1.341178e+07    531s
  391103    4.3378800e+08   0.000000e+00   1.365511e+07    535s
  395937    4.3658663e+08   0.000000e+00   1.379041e+07    541s
  399831    4.3903802e+08   0.000000e+00   1.375963e+07    545s
  406076    4.4255835e+08   0.000000e+00   1.497974e+07    550s
  412610    4.4637805e+08   0.000000e+00   1.392050e+07    556s
  419698    4.5021669e+08   0.000000e+00   1.306993e+07    560s
  427828    4.5451301e+08   0.000000e+00   1.345925e+07    565s
  440013    4.6052725e+08   0.000000e+00   1.368405e+07    570s
  444778    4.6306826e+08   0.000000e+00   1.298897e+07    575s
  449602    4.6528502e+08   0.000000e+00   1.304183e+07    580s
  455471    4.6760990e+08   0.000000e+00   1.288161e+07    586s
  461002    4.6981798e+08   0.000000e+00   1.295086e+07    590s
  467629    4.7203836e+08   0.000000e+00   1.176616e+07    596s
  474789    4.7452882e+08   0.000000e+00   1.040204e+07    600s
  482980    4.7775182e+08   0.000000e+00   9.498111e+06    605s
  494548    4.8199994e+08   0.000000e+00   7.730671e+06    610s
  500957    4.8392892e+08   0.000000e+00   6.680495e+06    615s
  506900    4.8575059e+08   0.000000e+00   5.792802e+06    621s
  512700    4.8735230e+08   0.000000e+00   5.362652e+06    625s
  522266    4.8950770e+08   0.000000e+00   4.093279e+06    630s
  527529    4.9042921e+08   0.000000e+00   3.673609e+06    635s
  533853    4.9139640e+08   0.000000e+00   3.115036e+06    640s
  543634    4.9269334e+08   0.000000e+00   2.539597e+06    645s
  552361    4.9393762e+08   0.000000e+00   2.433921e+06    650s
  560894    4.9530065e+08   0.000000e+00   2.298941e+06    655s
  571320    4.9680786e+08   0.000000e+00   1.929684e+06    660s
  580663    4.9771048e+08   0.000000e+00   1.615899e+06    666s
  588363    4.9873507e+08   0.000000e+00   1.334257e+06    670s
  600604    5.0027820e+08   0.000000e+00   9.225348e+05    675s
  610052    5.0092263e+08   0.000000e+00   5.888147e+05    680s
  619163    5.0123643e+08   0.000000e+00   3.371166e+05    685s
  630098    5.0141231e+08   0.000000e+00   1.552739e+05    690s
  640291    5.0151647e+08   0.000000e+00   5.184073e+04    695s
  650455    5.0157486e+08   0.000000e+00   1.214697e+04    700s
  661484    5.0159118e+08   0.000000e+00   0.000000e+00    708s

Solved in 661484 iterations and 707.56 seconds (1106.67 work units)
Optimal objective  5.015911849e+08
