
Gurobi 13.0.1 (win64) logging started Wed Sep 30 03:42:45 2026

Set parameter LogFile to value "C:/Users/omkarp/Downloads/Large-scale-LBBD-Optimization/runs/2026-09-25_130129_full_with_redirection_LBBD_withPV_withBESS/logs/lbbd_master_start_fallback_003.log"
Set parameter Method to value 1
Gurobi Optimizer version 13.0.1 build v13.0.1rc0 (win64 - Windows 11+.0 (26200.2))

CPU model: Intel(R) Xeon(R) w5-2465X, instruction set [SSE2|AVX|AVX2|AVX512]
Thread count: 16 physical cores, 32 logical processors, using up to 10 threads

Non-default parameters:
TimeLimit  7200
SoftMemLimit  180
Method  1
Heuristics  0.25
NodefileStart  0.5
PumpPasses  20
StartNodeLimit  5000
StartTimeLimit  7200
SubMIPNodes  3000
Cuts  1
AggFill  0
NumericFocus  1
Presolve  2
PreSparsify  1
Threads  10
ImproveStartGap  0.1

Optimize a model with 5177836 rows, 5077082 columns and 15604322 nonzeros (Max)
Model fingerprint: 0x754f64fd
Model has 1 linear objective coefficients
Coefficient statistics:
  Matrix range     [6e-01, 6e+05]
  Objective range  [1e+00, 1e+00]
  Bounds range     [1e+00, 1e+00]
  RHS range        [4e-05, 4e+11]
Warning: Model contains large rhs

Presolve removed 4420484 rows and 3610122 columns (presolve time = 5s)...
Presolve removed 4420761 rows and 3627015 columns
Presolve time: 6.86s
Presolved: 757075 rows, 1450067 columns, 3806690 nonzeros

Iteration    Objective       Primal Inf.    Dual Inf.      Time
       0    7.4927587e+08   1.021131e+08   0.000000e+00      7s
   24024    7.4927587e+08   2.299300e+07   0.000000e+00     10s
   57057    7.4927587e+08   1.513637e+07   0.000000e+00     15s
   87087    7.4927587e+08   1.046325e+07   0.000000e+00     20s
  111111    7.4927587e+08   1.067673e+07   0.000000e+00     25s
  137137    7.4927586e+08   1.178494e+07   0.000000e+00     30s
  161161    7.4927586e+08   6.755580e+06   0.000000e+00     35s
  181181    7.4927586e+08   1.123389e+07   0.000000e+00     40s
  199199    7.4927586e+08   6.452028e+06   0.000000e+00     45s
  203493    7.4927586e+08   1.795354e+07   0.000000e+00     51s
  203773    7.4927586e+08   7.023407e+07   0.000000e+00     57s
  204053    7.4927586e+08   5.008557e+07   0.000000e+00     63s
  204203    7.4927586e+08   2.313536e+07   0.000000e+00     66s
  204473    7.4927586e+08   6.759983e+06   0.000000e+00     72s
  204743    7.4927586e+08   7.120205e+06   0.000000e+00     77s
  204883    7.4927586e+08   1.043619e+07   0.000000e+00     80s
  205163    7.4927586e+08   1.019529e+07   0.000000e+00     86s
  205443    7.4927586e+08   2.059613e+07   0.000000e+00     92s
  205713    7.4927586e+08   5.366261e+07   0.000000e+00     97s
  205993    7.4927585e+08   1.216707e+07   0.000000e+00    103s
  206133    7.4927585e+08   3.897980e+07   0.000000e+00    105s
  206413    7.4927585e+08   5.013323e+07   0.000000e+00    111s
  206673    7.4927585e+08   1.268663e+07   0.000000e+00    116s
  206943    7.4927585e+08   1.155950e+07   0.000000e+00    122s
  207213    7.4927585e+08   1.649314e+07   0.000000e+00    128s
  207343    7.4927585e+08   1.008107e+08   0.000000e+00    130s
  207603    7.4927584e+08   1.239790e+07   0.000000e+00    136s
  207863    7.4927584e+08   2.074455e+07   0.000000e+00    142s
  208123    7.4927584e+08   1.156569e+08   0.000000e+00    148s
  208253    7.4927583e+08   1.265790e+07   0.000000e+00    151s
  208523    7.4927583e+08   1.687715e+08   0.000000e+00    156s
  208793    7.4927583e+08   2.569057e+07   0.000000e+00    163s
  208923    7.4927583e+08   1.515913e+07   0.000000e+00    166s
  209193    7.4927583e+08   4.163120e+07   0.000000e+00    172s
  209453    7.4927583e+08   1.968246e+08   0.000000e+00    178s
  209603    7.4927583e+08   5.280613e+07   0.000000e+00    182s
  209743    7.4927582e+08   1.341537e+07   0.000000e+00    185s
  210013    7.4927582e+08   1.330521e+08   0.000000e+00    191s
  210253    7.4927582e+08   3.054385e+07   0.000000e+00    197s
  210513    7.4927582e+08   2.022532e+07   0.000000e+00    203s
  210633    7.4927582e+08   3.906265e+07   0.000000e+00    206s
  210913    7.4927581e+08   1.271266e+08   0.000000e+00    211s
  211113    7.4927581e+08   1.262470e+07   0.000000e+00    217s
  211363    7.4927581e+08   1.344451e+07   0.000000e+00    222s
  211473    7.4927581e+08   2.005922e+07   0.000000e+00    225s
  211743    7.4927581e+08   1.965235e+08   0.000000e+00    233s
  211853    7.4927581e+08   5.558892e+07   0.000000e+00    236s
  212103    7.4927581e+08   2.180726e+08   0.000000e+00    242s
  212343    7.4927581e+08   3.080578e+07   0.000000e+00    248s
  212463    7.4927581e+08   1.084723e+08   0.000000e+00    250s
  212693    7.4927580e+08   1.461177e+08   0.000000e+00    256s
  212823    7.4927580e+08   1.793711e+08   0.000000e+00    260s
  213073    7.4927579e+08   6.058032e+07   0.000000e+00    267s
  213203    7.4927578e+08   2.403320e+08   0.000000e+00    270s
  213453    7.4927577e+08   1.300664e+08   0.000000e+00    276s
  213693    7.4927576e+08   2.772276e+07   0.000000e+00    281s
  213943    7.4927576e+08   2.227504e+07   0.000000e+00    287s
  214163    7.4927575e+08   2.753976e+07   0.000000e+00    293s
  214283    7.4927575e+08   1.875792e+07   0.000000e+00    296s
  214523    7.4927574e+08   7.397608e+07   0.000000e+00    302s
  214763    7.4927573e+08   1.183998e+07   0.000000e+00    308s
  214913    7.4927573e+08   1.238658e+07   0.000000e+00    312s
  215013    7.4927573e+08   1.264630e+08   0.000000e+00    315s
  215233    7.4927572e+08   1.419626e+07   0.000000e+00    320s
  215463    7.4927572e+08   1.442363e+08   0.000000e+00    327s
  215673    7.4927572e+08   6.312135e+07   0.000000e+00    332s
  215783    7.4927571e+08   3.512780e+07   0.000000e+00    335s
  216023    7.4927571e+08   2.155042e+07   0.000000e+00    341s
  216173    7.4927571e+08   1.108789e+08   0.000000e+00    346s
  216393    7.4927570e+08   1.036091e+08   0.000000e+00    351s
  216623    7.4927570e+08   3.541631e+07   0.000000e+00    357s
  216733    7.4927570e+08   1.832765e+08   0.000000e+00    360s
  216943    7.4927569e+08   1.414264e+08   0.000000e+00    366s
  217153    7.4927569e+08   1.189012e+08   0.000000e+00    372s
  217273    7.4927569e+08   2.081562e+07   0.000000e+00    375s
  217483    7.4927568e+08   6.660314e+07   0.000000e+00    381s
  217713    7.4927568e+08   2.198072e+08   0.000000e+00    387s
  217943    7.4927568e+08   2.048643e+07   0.000000e+00    393s
  218053    7.4927567e+08   3.516321e+07   0.000000e+00    396s
  218263    7.4927567e+08   1.219172e+08   0.000000e+00    401s
  218473    7.4927567e+08   5.052717e+07   0.000000e+00    407s
  218683    7.4927566e+08   1.247459e+08   0.000000e+00    413s
  218783    7.4927566e+08   1.524600e+08   0.000000e+00    416s
  219013    7.4927566e+08   1.673651e+08   0.000000e+00    421s
  219223    7.4927565e+08   2.979359e+07   0.000000e+00    427s
  219323    7.4927565e+08   4.478325e+07   0.000000e+00    430s
  219543    7.4927565e+08   3.563961e+07   0.000000e+00    436s
  219753    7.4927564e+08   1.667009e+07   0.000000e+00    441s
  219973    7.4927564e+08   1.229067e+08   0.000000e+00    447s
  220073    7.4927564e+08   3.509148e+08   0.000000e+00    450s
  220273    7.4927564e+08   9.535413e+07   0.000000e+00    456s
  220483    7.4927563e+08   5.417781e+07   0.000000e+00    462s
  220683    7.4927563e+08   1.440066e+08   0.000000e+00    467s
  220883    7.4927563e+08   2.448581e+08   0.000000e+00    473s
  220983    7.4927563e+08   5.781191e+07   0.000000e+00    476s
  221193    7.4927562e+08   1.948774e+08   0.000000e+00    481s
  221413    7.4927562e+08   2.925206e+07   0.000000e+00    487s
  221633    7.4927562e+08   1.659105e+07   0.000000e+00    493s
  221753    7.4927561e+08   9.565498e+07   0.000000e+00    496s
  221973    7.4927561e+08   1.887869e+08   0.000000e+00    501s
  222193    7.4927561e+08   4.531186e+07   0.000000e+00    507s
  222293    7.4927560e+08   1.042413e+08   0.000000e+00    510s
  222543    7.4927560e+08   2.086830e+08   0.000000e+00    517s
  222743    7.4927560e+08   3.059885e+08   0.000000e+00    523s
  224819   -5.3611432e+08   0.000000e+00   7.141789e+06    525s
  242031   -5.2739865e+08   0.000000e+00   5.938207e+06    530s
  264056   -5.2020748e+08   0.000000e+00   6.397641e+06    535s
  279932   -5.1477460e+08   0.000000e+00   5.680246e+06    540s
  296356   -5.0883742e+08   0.000000e+00   7.799789e+06    545s
  302380   -5.0731001e+08   0.000000e+00   5.659706e+06    550s
  308582   -5.0454023e+08   0.000000e+00   6.720282e+06    555s
  317719   -5.0360487e+08   0.000000e+00   8.674509e+06    560s
  325272   -5.0222379e+08   0.000000e+00   1.043231e+07    565s
  332788   -5.0022907e+08   0.000000e+00   9.622408e+06    570s
  340454   -4.9753188e+08   0.000000e+00   1.032616e+07    575s
  348447   -4.9431854e+08   0.000000e+00   8.694844e+06    580s
  357601   -4.8928155e+08   0.000000e+00   1.020777e+07    585s
  372560   -4.8056732e+08   0.000000e+00   1.079498e+07    590s
  379968   -4.7794639e+08   0.000000e+00   1.150968e+07    595s
  385409   -4.7582759e+08   0.000000e+00   1.216276e+07    600s
  390759   -4.7250542e+08   0.000000e+00   1.281107e+07    605s
  395054   -4.6913620e+08   0.000000e+00   1.207013e+07    610s
  399709   -4.6645124e+08   0.000000e+00   1.219252e+07    616s
  403455   -4.6388531e+08   0.000000e+00   1.216181e+07    620s
  409670   -4.6042972e+08   0.000000e+00   1.275420e+07    625s
  416451   -4.5649488e+08   0.000000e+00   1.360453e+07    631s
  423583   -4.5254116e+08   0.000000e+00   1.323082e+07    635s
  432809   -4.4758371e+08   0.000000e+00   1.264908e+07    640s
  444121   -4.4206229e+08   0.000000e+00   1.232175e+07    645s
  448817   -4.3955621e+08   0.000000e+00   1.198306e+07    650s
  454340   -4.3706179e+08   0.000000e+00   1.139890e+07    656s
  460535   -4.3450974e+08   0.000000e+00   1.143077e+07    661s
  466369   -4.3254264e+08   0.000000e+00   1.083918e+07    665s
  473088   -4.2982316e+08   0.000000e+00   9.959813e+06    670s
  481460   -4.2691159e+08   0.000000e+00   9.720651e+06    675s
  490010   -4.2376813e+08   0.000000e+00   8.662066e+06    680s
  500289   -4.2011030e+08   0.000000e+00   7.382366e+06    685s
  505857   -4.1825893e+08   0.000000e+00   6.704834e+06    690s
  510701   -4.1687815e+08   0.000000e+00   6.054187e+06    695s
  517337   -4.1514390e+08   0.000000e+00   5.296821e+06    700s
  525941   -4.1334951e+08   0.000000e+00   4.250409e+06    706s
  530201   -4.1259921e+08   0.000000e+00   3.786799e+06    710s
  538100   -4.1145805e+08   0.000000e+00   2.961452e+06    715s
  546089   -4.1048299e+08   0.000000e+00   2.622624e+06    720s
  557198   -4.0869786e+08   0.000000e+00   2.514307e+06    726s
  566057   -4.0736655e+08   0.000000e+00   2.298254e+06    730s
  575978   -4.0616891e+08   0.000000e+00   1.859134e+06    735s
  584425   -4.0509452e+08   0.000000e+00   1.529177e+06    740s
  596474   -4.0363629e+08   0.000000e+00   1.027265e+06    746s
  606932   -4.0265810e+08   0.000000e+00   6.531070e+05    750s
  615631   -4.0233637e+08   0.000000e+00   3.699754e+05    755s
  626497   -4.0213132e+08   0.000000e+00   1.598118e+05    760s
  637275   -4.0201212e+08   0.000000e+00   5.301290e+04    765s
  648303   -4.0193437e+08   0.000000e+00   1.147156e+04    770s
  658889   -4.0191905e+08   0.000000e+00   0.000000e+00    777s

Solved in 658889 iterations and 776.95 seconds (1165.71 work units)
Optimal objective -4.019190473e+08
