
Gurobi 13.0.1 (win64) logging started Wed Sep 30 04:56:01 2026

Set parameter LogFile to value "C:/Users/omkarp/Downloads/Large-scale-LBBD-Optimization/runs/2026-09-25_130129_full_with_redirection_LBBD_withPV_withBESS/logs/lbbd_exact_annual_003.log"
Set parameter MIPGap to value 1e-05
Set parameter MIPFocus to value 1
Set parameter Method to value 1
Set parameter NodeMethod to value 1
Gurobi Optimizer version 13.0.1 build v13.0.1rc0 (win64 - Windows 11+.0 (26200.2))

CPU model: Intel(R) Xeon(R) w5-2465X, instruction set [SSE2|AVX|AVX2|AVX512]
Thread count: 16 physical cores, 32 logical processors, using up to 2 threads

Non-default parameters:
TimeLimit  172800
SoftMemLimit  180
MIPGap  1e-05
Method  1
Heuristics  0.25
MIPFocus  1
NodefileStart  0.5
NodeMethod  1
PumpPasses  20
StartNodeLimit  5000
StartTimeLimit  7200
SubMIPNodes  3000
Cuts  1
AggFill  0
NumericFocus  1
Presolve  2
PreSparsify  1
Threads  2
ImproveStartGap  0.1

Optimize a model with 11483106 rows, 12768841 columns and 63105970 nonzeros (Max)
Model fingerprint: 0x6c0b979d
Model has 6035713 linear objective coefficients
Variable types: 11455753 continuous, 1313088 integer (840288 binary)
Coefficient statistics:
  Matrix range     [1e-01, 2e+03]
  Objective range  [6e-01, 6e+07]
  Bounds range     [1e+00, 1e+00]
  RHS range        [4e-05, 1e+03]

Processing user MIP start: 0 nodes explored in subMIP, total elapsed time 7s
Processing user MIP start: 0 nodes explored in subMIP, total elapsed time 10s
Processing user MIP start: 0 nodes explored in subMIP, total elapsed time 16s
User MIP start produced solution with objective -2.03756e+10 (17.77s)
User MIP start produced solution with objective -2.03756e+10 (20.13s)
Loaded user MIP start with objective -2.03756e+10
Processed MIP start in 20.23 seconds (19.72 work units)

Presolve removed 501458 rows and 1075761 columns (presolve time = 5s)...
Presolve removed 7272239 rows and 8490784 columns (presolve time = 10s)...
Presolve removed 7629296 rows and 8731994 columns (presolve time = 16s)...
Presolve removed 7979970 rows and 8732365 columns (presolve time = 21s)...
Presolve removed 7979970 rows and 8736381 columns (presolve time = 28s)...
Presolve removed 8513283 rows and 9267681 columns (presolve time = 30s)...
Presolve removed 8902955 rows and 9405847 columns (presolve time = 35s)...
Presolve removed 8968014 rows and 9740000 columns (presolve time = 40s)...
Presolve removed 9210874 rows and 9857913 columns
Presolve time: 44.92s
Presolved: 2272232 rows, 2910928 columns, 11664342 nonzeros
Variable types: 2316176 continuous, 594752 integer (540100 binary)
Performing another presolve...
Presolve removed 88773 rows and 35294 columns (presolve time = 5s)...
Presolve removed 107723 rows and 53993 columns (presolve time = 10s)...
Presolve removed 111294 rows and 57146 columns (presolve time = 15s)...
Presolve removed 111982 rows and 58515 columns (presolve time = 20s)...
Presolve removed 121541 rows and 60834 columns (presolve time = 26s)...
Presolve removed 275593 rows and 247214 columns (presolve time = 30s)...
Presolve removed 331471 rows and 309348 columns (presolve time = 36s)...
Presolve removed 427037 rows and 421705 columns (presolve time = 42s)...
Presolve removed 486952 rows and 487170 columns (presolve time = 46s)...
Presolve removed 565810 rows and 586852 columns (presolve time = 54s)...
Presolve removed 688491 rows and 729544 columns (presolve time = 68s)...
Presolve removed 1029321 rows and 1193895 columns (presolve time = 95s)...
Sparsify removed 673485 nonzeros (9%)
Presolve removed 1029417 rows and 1174660 columns
Presolve time: 96.28s
Root relaxation presolve removed 414621 rows and 268623 columns (presolve time = 5s)...
Root relaxation presolve removed 414639 rows and 268623 columns
Root relaxation presolved: 909916 rows, 1467645 columns, 5001012 nonzeros


Root simplex log...

Iteration    Objective       Primal Inf.    Dual Inf.      Time
       0    1.2070111e+11   1.742521e+06   0.000000e+00    179s
    4004    7.9540744e+10   1.592997e+06   0.000000e+00    180s
   32032    4.7487615e+10   1.359430e+06   0.000000e+00    185s
   57057    3.9085363e+10   1.238465e+06   0.000000e+00    190s
   82082    3.4335716e+10   1.126498e+06   0.000000e+00    195s
  105105    2.9696864e+10   1.047989e+06   0.000000e+00    200s
  128128    2.7238913e+10   9.688567e+05   0.000000e+00    205s
  150150    2.3937263e+10   8.754432e+05   0.000000e+00    210s
  172172    2.2181195e+10   7.932169e+05   0.000000e+00    215s
  193193    1.9225891e+10   7.040573e+05   0.000000e+00    220s
  215215    1.5230212e+10   6.273324e+05   0.000000e+00    225s
  236236    1.3524420e+10   5.645510e+05   0.000000e+00    230s
  256256    1.2923291e+10   5.032185e+05   0.000000e+00    235s
  276276    6.0350886e+08   4.433306e+05   0.000000e+00    240s
  296296    5.1863339e+08   3.853234e+05   0.000000e+00    245s
  316316    3.1980670e+08   3.342555e+05   0.000000e+00    250s
  337337    2.5759955e+08   2.717656e+05   0.000000e+00    255s
  358358   -1.6234931e+08   2.206920e+05   0.000000e+00    260s
  379379   -3.3641203e+08   1.601369e+05   0.000000e+00    265s
  400400   -3.7046745e+08   1.054938e+05   0.000000e+00    270s
  423423   -3.9706063e+08   6.012925e+04   0.000000e+00    275s
  446446   -4.0111581e+08   2.676122e+04   0.000000e+00    280s
  470470   -4.0176199e+08   6.380310e+03   0.000000e+00    285s
  497497   -4.0191903e+08   3.707372e+01   0.000000e+00    290s
  498816   -4.0191925e+08   0.000000e+00   0.000000e+00    291s
  498822   -4.0191925e+08   0.000000e+00   0.000000e+00    292s

Extra simplex iterations after uncrush: 6

Root relaxation: objective -4.019192e+08, 498822 iterations, 120.23 seconds (112.13 work units)
Total elapsed time = 292.48s (DegenMoves)

    Nodes    |    Current Node    |     Objective Bounds      |     Work
 Expl Unexpl |  Obj  Depth IntInf | Incumbent    BestBd   Gap | It/Node Time

     0     0 -4.019e+08    0  984 -2.038e+10 -4.019e+08  98.0%     -  307s
H    0     0                    -4.85009e+08 -4.019e+08  17.1%     -  310s
H    0     0                    -4.84954e+08 -4.019e+08  17.1%     -  315s
H    0     0                    -4.83203e+08 -4.019e+08  16.8%     -  322s
     0     0 -4.019e+08    0  393 -4.832e+08 -4.019e+08  16.8%     -  334s
H    0     0                    -4.67985e+08 -4.019e+08  14.1%     -  340s
     0     0 -4.019e+08    0  369 -4.680e+08 -4.019e+08  14.1%     -  345s
     0     0 -4.019e+08    0  238 -4.680e+08 -4.019e+08  14.1%     -  353s
H    0     0                    -4.32411e+08 -4.019e+08  7.05%     -  357s

Resetting heuristic parameters to focus on improving solution
(using Heuristics=0.5, RINS=10 and disabling cuts)...

     0     0 -4.019e+08    0 6539 -4.324e+08 -4.019e+08  7.05%     -  484s
     0     0 -4.019e+08    0 6539 -4.324e+08 -4.019e+08  7.05%     -  485s
     0     0 -4.019e+08    0 6539 -4.324e+08 -4.019e+08  7.05%     -  498s
     0     0 -4.019e+08    0 6508 -4.324e+08 -4.019e+08  7.05%     -  519s
     0     0 -4.019e+08    0 6508 -4.324e+08 -4.019e+08  7.05%     -  530s
     0     0 -4.019e+08    0 6508 -4.324e+08 -4.019e+08  7.05%     -  543s
H    0     0                    -4.01935e+08 -4.019e+08  0.00%     -  559s
Feasibility pump: pass 1, min int violation 344.261, total elapsed time 729s
Feasibility pump: pass 2, min int violation 0.300, total elapsed time 734s
Feasibility pump: pass 3, min int violation 0.300, total elapsed time 735s
Feasibility pump: pass 6, min int violation 0.300, total elapsed time 742s
Feasibility pump: pass 8, min int violation 0.300, total elapsed time 745s
Feasibility pump: pass 11, min int violation 0.300, total elapsed time 751s
Feasibility pump: pass 14, min int violation 0.300, total elapsed time 755s
Feasibility pump: pass 17, min int violation 0.300, total elapsed time 760s
Feasibility pump: no solution found in 20 passes
     0     2 -4.019e+08    0 6508 -4.019e+08 -4.019e+08  0.00%     -  793s
     1     4 -4.019e+08    1 6478 -4.019e+08 -4.019e+08  0.00% 616415  796s
     3     6 -4.019e+08    2 6476 -4.019e+08 -4.019e+08  0.00% 205485  820s
H    4     6                    -4.01930e+08 -4.019e+08  0.00% 154114  820s
     5    12 -4.019e+08    3 6474 -4.019e+08 -4.019e+08  0.00% 123291  850s
    11    20 -4.019e+08    6 6467 -4.019e+08 -4.019e+08  0.00% 56043  902s
H   12    20                    -4.01930e+08 -4.019e+08  0.00% 51373  902s
H   19    31                    -4.01929e+08 -4.019e+08  0.00% 32448  971s
H   20    31                    -4.01928e+08 -4.019e+08  0.00% 30825  971s
H   22    31                    -4.01928e+08 -4.019e+08  0.00% 28023  972s
    30    43 -4.019e+08   11 6458 -4.019e+08 -4.019e+08  0.00% 20552 1070s
    42    56 -4.019e+08   12 6453 -4.019e+08 -4.019e+08  0.00% 14682 1167s
H   54    56                    -4.01927e+08 -4.019e+08  0.00% 11422 1167s
    55    64 -4.019e+08   17 6444 -4.019e+08 -4.019e+08  0.00% 11214 1261s
H   57    64                    -4.01921e+08 -4.019e+08  0.00% 10821 1261s

Cutting planes:
  Learned: 342
  Gomory: 177
  Lift-and-project: 1
  Implied bound: 16
  MIR: 583
  Flow cover: 375
  Relax-and-lift: 17

Explored 63 nodes (1161739 simplex iterations) in 1264.21 seconds (1210.12 work units)
Thread count was 2 (of 32 available processors)

Solution count 10: -4.01921e+08 -4.01927e+08 -4.01928e+08 ... -4.67985e+08

Optimal solution found (tolerance 1.00e-05)
Best objective -4.019214196956e+08, best bound -4.019192786993e+08, gap 0.0005%
